SQL> set lines 200
SQL> set pages 100
SQL> select to_char(sysdate, 'dd-mm-yyyy hh:mi:ss')from dual;

TO_CHAR(SYSDATE,'DD                                                                                                                                                                                     
-------------------                                                                                                                                                                                     
02-04-2021 08:04:46                                                                                                                                                                                     

SQL> insert into login_lab_bd values ('Pantelimon Andreea', '331CC', 'Lab5', user, sysdate, null, null);

1 row created.

SQL> select * from login_lab_bd;

NUME_STUD                      GRUPA      LABORATOR  NUME_USER  DATA_IN   DATA_SF       DURATA                                                                                                          
------------------------------ ---------- ---------- ---------- --------- --------- ----------                                                                                                          
Pantelimon Andreea             331CC      Lab5       SCOTT      02-APR-21                                                                                                                               
Pantelimon Andreea             331CC      Lab1       SCOTT      05-MAR-21 05-MAR-21          0                                                                                                          
Pantelimon Andreea             331CC      Lab2       SCOTT      12-MAR-21 12-MAR-21        100                                                                                                          
Pantelimon Andreea             331CC      Lab3       SCOTT      19-MAR-21 19-MAR-21        126                                                                                                          
Pantelimon Andreea             331CC      Lab4       SCOTT      26-MAR-21 26-MAR-21        129                                                                                                                                                                                                               

5 rows selected.

SQL> select * from grila_salariu
  2  
SQL> select * from grila_salariu;

      GRAD  NIVEL_INF  NIVEL_SUP                                                                                                                                                                        
---------- ---------- ----------                                                                                                                                                                        
         1        700       1200                                                                                                                                                                        
         2       1201       1400                                                                                                                                                                        
         3       1401       2000                                                                                                                                                                        
         4       2001       3000                                                                                                                                                                        
         5       3001       9999                                                                                                                                                                        

SQL> select nume, functie, den_dep
  2  from angajati, departamente
  3  where functie = 'ANALYST';

NUME                           FUNCTIE              DEN_DEP                                                                                                                                             
------------------------------ -------------------- ------------------------------                                                                                                                      
SCOTT                          ANALYST              ACCOUNTING                                                                                                                                          
SCOTT                          ANALYST              RESEARCH                                                                                                                                            
SCOTT                          ANALYST              SALES                                                                                                                                               
SCOTT                          ANALYST              OPERATIONS                                                                                                                                          
SCOTT                          ANALYST              Proiectare Software                                                                                                                                 
SCOTT                          ANALYST              Asigurarea calitatii                                                                                                                                
FORD                           ANALYST              ACCOUNTING                                                                                                                                          
FORD                           ANALYST              RESEARCH                                                                                                                                            
FORD                           ANALYST              SALES                                                                                                                                               
FORD                           ANALYST              OPERATIONS                                                                                                                                          
FORD                           ANALYST              Proiectare Software                                                                                                                                 
FORD                           ANALYST              Asigurarea calitatii                                                                                                                                

12 rows selected.

SQL> select nume, functie, den_dep
  2  from angajati
  3  cross join departamente
  4  where functie = 'ANALYST';

NUME                           FUNCTIE              DEN_DEP                                                                                                                                             
------------------------------ -------------------- ------------------------------                                                                                                                      
SCOTT                          ANALYST              ACCOUNTING                                                                                                                                          
SCOTT                          ANALYST              RESEARCH                                                                                                                                            
SCOTT                          ANALYST              SALES                                                                                                                                               
SCOTT                          ANALYST              OPERATIONS                                                                                                                                          
SCOTT                          ANALYST              Proiectare Software                                                                                                                                 
SCOTT                          ANALYST              Asigurarea calitatii                                                                                                                                
FORD                           ANALYST              ACCOUNTING                                                                                                                                          
FORD                           ANALYST              RESEARCH                                                                                                                                            
FORD                           ANALYST              SALES                                                                                                                                               
FORD                           ANALYST              OPERATIONS                                                                                                                                          
FORD                           ANALYST              Proiectare Software                                                                                                                                 
FORD                           ANALYST              Asigurarea calitatii                                                                                                                                

12 rows selected.

SQL> select
  2  a.id_dep
  3  , d.den_dep,
  4  a.nume,
  5  a.functie
  6  from
  7  angajati a,
  8  departamente d
  9  where
 10  a.id_dep = d.id_dep
 11  and a.id_dep = 10
 12  order by 3;

    ID_DEP DEN_DEP                        NUME                           FUNCTIE                                                                                                                        
---------- ------------------------------ ------------------------------ --------------------                                                                                                           
        10 ACCOUNTING                     CLARK                          MANAGER                                                                                                                        
        10 Proiectare Software            CLARK                          MANAGER                                                                                                                        
        10 ACCOUNTING                     KING                           PRESIDENT                                                                                                                      
        10 Proiectare Software            KING                           PRESIDENT                                                                                                                      
        10 ACCOUNTING                     MILLER                         CLERK                                                                                                                          
        10 Proiectare Software            MILLER                         CLERK                                                                                                                          

6 rows selected.

SQL> edit
Wrote file afiedt.buf

  1  select
  2  a.id_dep
  3  , d.den_dep,
  4  a.nume,
  5  a.functie
  6  from
  7  angajati a,
  8  INNER JOIN departamente d
  9  on a.id_dep = d.id_dep
 10  where a.id_dep = 10
 11* order by 3
SQL> select
  2  a.id_dep
  3  , d.den_dep,
  4  a.nume,
  5  a.functie
  6  from
  7  angajati a,
  8  INNER JOIN departamente d
  9  on a.id_dep = d.id_dep
 10  where a.id_dep = 10
 11  order by 3;
INNER JOIN departamente d
*
ERROR at line 8:
ORA-00942: table or view does not exist 


SQL> select
  2  id_dep,
  3  d.den_dep,
  4  a.nume,
  5  a.functie
  6  from angajati a
  7  inner join departamente d
  8  using (id_dep)
  9  where
 10  id_dep = 10
 11  order by 3;

    ID_DEP DEN_DEP                        NUME                           FUNCTIE                                                                                                                        
---------- ------------------------------ ------------------------------ --------------------                                                                                                           
        10 ACCOUNTING                     CLARK                          MANAGER                                                                                                                        
        10 Proiectare Software            CLARK                          MANAGER                                                                                                                        
        10 ACCOUNTING                     KING                           PRESIDENT                                                                                                                      
        10 Proiectare Software            KING                           PRESIDENT                                                                                                                      
        10 ACCOUNTING                     MILLER                         CLERK                                                                                                                          
        10 Proiectare Software            MILLER                         CLERK                                                                                                                          

6 rows selected.

SQL> select
  2  id_dep,
  3  den_dep,
  4  nume,
  5  functie
  6  from
  7  angajati
  8  natural join departamente
  9  where
 10  id_dep = 10
 11  order by 3;

    ID_DEP DEN_DEP                        NUME                           FUNCTIE                                                                                                                        
---------- ------------------------------ ------------------------------ --------------------                                                                                                           
        10 ACCOUNTING                     CLARK                          MANAGER                                                                                                                        
        10 Proiectare Software            CLARK                          MANAGER                                                                                                                        
        10 ACCOUNTING                     KING                           PRESIDENT                                                                                                                      
        10 Proiectare Software            KING                           PRESIDENT                                                                                                                      
        10 ACCOUNTING                     MILLER                         CLERK                                                                                                                          
        10 Proiectare Software            MILLER                         CLERK                                                                                                                          

6 rows selected.

SQL> select a.nume, a.salariu, g.grad
  2  from angajati a, grila_salariu g
  3  where a.salariu between g.nivel_inf and g.nivel_sup
  4  and a.id_dep = 20;

NUME                              SALARIU       GRAD                                                                                                                                                    
------------------------------ ---------- ----------                                                                                                                                                    
SCOTT                                3000          4                                                                                                                                                    
FORD                                 3000          4                                                                                                                                                    
JONES                                2975          4                                                                                                                                                    
ADAMS                                1100          1                                                                                                                                                    
SMITH                                 800          1                                                                                                                                                    

SQL> select a.nume, a.salariu, g.grad
  2  from angajati a
  3  inner join grila_salariu g
  4  on a.salariu between g.nivel_inf
  5  and g.nivel_sup
  6  where a.id_dep = 20;

NUME                              SALARIU       GRAD                                                                                                                                                    
------------------------------ ---------- ----------                                                                                                                                                    
SCOTT                                3000          4                                                                                                                                                    
FORD                                 3000          4                                                                                                                                                    
JONES                                2975          4                                                                                                                                                    
ADAMS                                1100          1                                                                                                                                                    
SMITH                                 800          1                                                                                                                                                    

SQL> select a.nume, a. salariu, g.grad, d.den_dep
  2  from angajati a, grila_salariu g, departamente d
  3  where a.salariu between g.nivel_inf and g.nivel_sup
  4  and d.id_dep = a.id_dep
  5  and a.id_dep = 20
  6  order by 3, 1;

NUME                              SALARIU       GRAD DEN_DEP                                                                                                                                            
------------------------------ ---------- ---------- ------------------------------                                                                                                                     
ADAMS                                1100          1 RESEARCH                                                                                                                                           
ADAMS                                1100          1 Asigurarea calitatii                                                                                                                               
SMITH                                 800          1 Asigurarea calitatii                                                                                                                               
SMITH                                 800          1 RESEARCH                                                                                                                                           
FORD                                 3000          4 RESEARCH                                                                                                                                           
FORD                                 3000          4 Asigurarea calitatii                                                                                                                               
JONES                                2975          4 RESEARCH                                                                                                                                           
JONES                                2975          4 Asigurarea calitatii                                                                                                                               
SCOTT                                3000          4 Asigurarea calitatii                                                                                                                               
SCOTT                                3000          4 RESEARCH                                                                                                                                           

10 rows selected.

SQL> select a.nume, a.salariu, g.grad, d.den_dep
  2  from angajati a
  3  inner join grila_salariu g
  4  on a.salariu between g.nivel_inf
  5  and g.nivel_sup
  6  inner join departamente d
  7  on d.id_dep = a.id_dep
  8  where a.id_dep = 20
  9  order by 3, 1;

NUME                              SALARIU       GRAD DEN_DEP                                                                                                                                            
------------------------------ ---------- ---------- ------------------------------                                                                                                                     
ADAMS                                1100          1 RESEARCH                                                                                                                                           
ADAMS                                1100          1 Asigurarea calitatii                                                                                                                               
SMITH                                 800          1 Asigurarea calitatii                                                                                                                               
SMITH                                 800          1 RESEARCH                                                                                                                                           
FORD                                 3000          4 RESEARCH                                                                                                                                           
FORD                                 3000          4 Asigurarea calitatii                                                                                                                               
JONES                                2975          4 RESEARCH                                                                                                                                           
JONES                                2975          4 Asigurarea calitatii                                                                                                                               
SCOTT                                3000          4 Asigurarea calitatii                                                                                                                               
SCOTT                                3000          4 RESEARCH                                                                                                                                           

10 rows selected.

SQL> select
  2  a1.nume "Numa Angajati"
  3  a1.functie "Functie Angajat"
  4  a2.nume "Nume sef",
  5  a2.functie "Functie Sef"
  6  from
  7  angajati a1,
  8  angajati a2
  9  where
 10  a1.id_sef = a2.id_ang
 11  and a1.id_dep = 10;
a1.functie "Functie Angajat"
*
ERROR at line 3:
ORA-00923: FROM keyword not found where expected 


SQL> edit
Wrote file afiedt.buf

  1  select
  2  a1.nume "Numa Angajati",
  3  a1.functie "Functie Angajat",
  4  a2.nume "Nume sef",
  5  a2.functie "Functie Sef"
  6  from
  7  angajati a1,
  8  angajati a2
  9  where
 10  a1.id_sef = a2.id_ang
 11* and a1.id_dep = 10
SQL> select
  2  a1.nume "Numa Angajati",
  3  a1.functie "Functie Angajat",
  4  a2.nume "Nume sef",
  5  a2.functie "Functie Sef"
  6  from
  7  angajati a1,
  8  angajati a2
  9  where
 10  a1.id_sef = a2.id_ang
 11  and a1.id_dep = 10
 12  /

Numa Angajati                  Functie Angajat      Nume sef                       Functie Sef                                                                                                          
------------------------------ -------------------- ------------------------------ --------------------                                                                                                 
MILLER                         CLERK                CLARK                          MANAGER                                                                                                              
CLARK                          MANAGER              KING                           PRESIDENT                                                                                                            

SQL> edit
Wrote file afiedt.buf

  1  select
  2  a1.nume "Numa Angajati",
  3  a1.functie "Functie Angajat",
  4  a2.nume "Nume sef",
  5  a2.functie "Functie Sef"
  6  from
  7  angajati a1
  8  inner join angajati a2
  9  on a1.id_sef = a2.id_ang
 10  where
 11* a1.id_dep = 10
SQL> select
  2  a1.nume "Numa Angajati",
  3  a1.functie "Functie Angajat",
  4  a2.nume "Nume sef",
  5  a2.functie "Functie Sef"
  6  from
  7  angajati a1
  8  inner join angajati a2
  9  on a1.id_sef = a2.id_ang
 10  where
 11  a1.id_dep = 10
 12  /

Numa Angajati                  Functie Angajat      Nume sef                       Functie Sef                                                                                                          
------------------------------ -------------------- ------------------------------ --------------------                                                                                                 
MILLER                         CLERK                CLARK                          MANAGER                                                                                                              
CLARK                          MANAGER              KING                           PRESIDENT                                                                                                            

SQL> select d.id_dep, d_den_dep, a.nume, a.functie
  2  from departamente d, angajati a
  3  where d.id_dep = a.id_dep(+)
  4  oder by a.id_dep;
oder by a.id_dep
*
ERROR at line 4:
ORA-00933: SQL command not properly ended 


SQL> edit
Wrote file afiedt.buf

  1  select d.id_dep, d_den_dep, a.nume, a.functie
  2  from departamente d, angajati a
  3  where d.id_dep = a.id_dep(+)
  4* order by a.id_dep
SQL> select d.id_dep, d_den_dep, a.nume, a.functie
  2  from departamente d, angajati a
  3  where d.id_dep = a.id_dep(+)
  4  order by a.id_dep
  5  /
select d.id_dep, d_den_dep, a.nume, a.functie
                 *
ERROR at line 1:
ORA-00904: "D_DEN_DEP": invalid identifier 


SQL> edit
Wrote file afiedt.buf

  1  select d.id_dep, d.den_dep, a.nume, a.functie
  2  from departamente d, angajati a
  3  where d.id_dep = a.id_dep(+)
  4* order by a.id_dep
SQL> select d.id_dep, d.den_dep, a.nume, a.functie
  2  from departamente d, angajati a
  3  where d.id_dep = a.id_dep(+)
  4  order by a.id_dep
  5  /

    ID_DEP DEN_DEP                        NUME                           FUNCTIE                                                                                                                        
---------- ------------------------------ ------------------------------ --------------------                                                                                                           
        10 ACCOUNTING                     CLARK                          MANAGER                                                                                                                        
        10 Proiectare Software            CLARK                          MANAGER                                                                                                                        
        10 ACCOUNTING                     KING                           PRESIDENT                                                                                                                      
        10 Proiectare Software            KING                           PRESIDENT                                                                                                                      
        10 Proiectare Software            MILLER                         CLERK                                                                                                                          
        10 ACCOUNTING                     MILLER                         CLERK                                                                                                                          
        20 Asigurarea calitatii           JONES                          MANAGER                                                                                                                        
        20 RESEARCH                       JONES                          MANAGER                                                                                                                        
        20 RESEARCH                       SMITH                          CLERK                                                                                                                          
        20 Asigurarea calitatii           SMITH                          CLERK                                                                                                                          
        20 Asigurarea calitatii           FORD                           ANALYST                                                                                                                        
        20 RESEARCH                       FORD                           ANALYST                                                                                                                        
        20 Asigurarea calitatii           ADAMS                          CLERK                                                                                                                          
        20 RESEARCH                       ADAMS                          CLERK                                                                                                                          
        20 Asigurarea calitatii           SCOTT                          ANALYST                                                                                                                        
        20 RESEARCH                       SCOTT                          ANALYST                                                                                                                        
        30 SALES                          ALLEN                          SALESMAN                                                                                                                       
        30 SALES                          TURNER                         SALESMAN                                                                                                                       
        30 SALES                          WARD                           SALESMAN                                                                                                                       
        30 SALES                          MARTIN                         SALESMAN                                                                                                                       
        30 SALES                          JAMES                          CLERK                                                                                                                          
        30 SALES                          BLAKE                          MANAGER                                                                                                                        
        40 OPERATIONS                                                                                                                                                                                   

23 rows selected.

SQL> edit
Wrote file afiedt.buf

  1  select d.id_dep, d.den_dep, a.nume, a.functie
  2  from departamente d
  3  left outer join angajati a
  4  on d.id_dep = a.id_dep(+)
  5* order by a.id_dep
SQL> select d.id_dep, d.den_dep, a.nume, a.functie
  2  from departamente d
  3  left outer join angajati a
  4  on d.id_dep = a.id_dep(+)
  5  order by a.id_dep
  6  /

    ID_DEP DEN_DEP                        NUME                           FUNCTIE                                                                                                                        
---------- ------------------------------ ------------------------------ --------------------                                                                                                           
        10 ACCOUNTING                     CLARK                          MANAGER                                                                                                                        
        10 Proiectare Software            CLARK                          MANAGER                                                                                                                        
        10 ACCOUNTING                     KING                           PRESIDENT                                                                                                                      
        10 Proiectare Software            KING                           PRESIDENT                                                                                                                      
        10 Proiectare Software            MILLER                         CLERK                                                                                                                          
        10 ACCOUNTING                     MILLER                         CLERK                                                                                                                          
        20 Asigurarea calitatii           JONES                          MANAGER                                                                                                                        
        20 RESEARCH                       JONES                          MANAGER                                                                                                                        
        20 RESEARCH                       SMITH                          CLERK                                                                                                                          
        20 Asigurarea calitatii           SMITH                          CLERK                                                                                                                          
        20 Asigurarea calitatii           FORD                           ANALYST                                                                                                                        
        20 RESEARCH                       FORD                           ANALYST                                                                                                                        
        20 Asigurarea calitatii           ADAMS                          CLERK                                                                                                                          
        20 RESEARCH                       ADAMS                          CLERK                                                                                                                          
        20 Asigurarea calitatii           SCOTT                          ANALYST                                                                                                                        
        20 RESEARCH                       SCOTT                          ANALYST                                                                                                                        
        30 SALES                          ALLEN                          SALESMAN                                                                                                                       
        30 SALES                          TURNER                         SALESMAN                                                                                                                       
        30 SALES                          WARD                           SALESMAN                                                                                                                       
        30 SALES                          MARTIN                         SALESMAN                                                                                                                       
        30 SALES                          JAMES                          CLERK                                                                                                                          
        30 SALES                          BLAKE                          MANAGER                                                                                                                        
        40 OPERATIONS                                                                                                                                                                                   

23 rows selected.

SQL> select a.nume, a.salariu, g.grad
  2  from grila_salariu g
  3  full outer join angajati a
  4  on a.salariu * 2 between g.nivel_inf and g.nivel_sup
  5  order by a.nume;

NUME                              SALARIU       GRAD                                                                                                                                                    
------------------------------ ---------- ----------                                                                                                                                                    
ADAMS                                1100          4                                                                                                                                                    
ALLEN                                1600          5                                                                                                                                                    
BLAKE                                2850          5                                                                                                                                                    
CLARK                                2450          5                                                                                                                                                    
FORD                                 3000          5                                                                                                                                                    
JAMES                                 950          3                                                                                                                                                    
JONES                                2975          5                                                                                                                                                    
KING                                 5000                                                                                                                                                               
MARTIN                               1250          4                                                                                                                                                    
MILLER                               1300          4                                                                                                                                                    
SCOTT                                3000          5                                                                                                                                                    
SMITH                                 800          3                                                                                                                                                    
TURNER                               1500          4                                                                                                                                                    
WARD                                 1250          4                                                                                                                                                    
                                                   2                                                                                                                                                    
                                                   1                                                                                                                                                    

16 rows selected.

SQL> select d.den_dep, a.nume, a.salariu, g.grad
  2  from grila_salariu g
  3  full outer join angajati a
  4  right outer join departamente d
  5  on d.id_dep = a.id_dep
  6  on a.salariu*2 between g.nivel_inf and g.nivel_sup
  7  order by d.den_dep, a.nume, g.grad;

DEN_DEP                        NUME                              SALARIU       GRAD                                                                                                                     
------------------------------ ------------------------------ ---------- ----------                                                                                                                     
ACCOUNTING                     CLARK                                2450          5                                                                                                                     
ACCOUNTING                     KING                                 5000                                                                                                                                
ACCOUNTING                     MILLER                               1300          4                                                                                                                     
Asigurarea calitatii           ADAMS                                1100          4                                                                                                                     
Asigurarea calitatii           FORD                                 3000          5                                                                                                                     
Asigurarea calitatii           JONES                                2975          5                                                                                                                     
Asigurarea calitatii           SCOTT                                3000          5                                                                                                                     
Asigurarea calitatii           SMITH                                 800          3                                                                                                                     
OPERATIONS                                                                                                                                                                                              
Proiectare Software            CLARK                                2450          5                                                                                                                     
Proiectare Software            KING                                 5000                                                                                                                                
Proiectare Software            MILLER                               1300          4                                                                                                                     
RESEARCH                       ADAMS                                1100          4                                                                                                                     
RESEARCH                       FORD                                 3000          5                                                                                                                     
RESEARCH                       JONES                                2975          5                                                                                                                     
RESEARCH                       SCOTT                                3000          5                                                                                                                     
RESEARCH                       SMITH                                 800          3                                                                                                                     
SALES                          ALLEN                                1600          5                                                                                                                     
SALES                          BLAKE                                2850          5                                                                                                                     
SALES                          JAMES                                 950          3                                                                                                                     
SALES                          MARTIN                               1250          4                                                                                                                     
SALES                          TURNER                               1500          4                                                                                                                     
SALES                          WARD                                 1250          4                                                                                                                     
                                                                                  1                                                                                                                     
                                                                                  2                                                                                                                     

25 rows selected.

SQL> edit
Wrote file afiedt.buf

  1  select d.den_dep, a.nume, a.salariu, g.grad
  2  from grila_salariu g
  3  full outer join angajati a
  4  on a.salariu*2 between g.nivel_inf and g.nivel_sup
  5  full outer join departamente d
  6  on d.id_dep = a.id_dep
  7* order by d.den_dep, a.nume, g.grad
SQL> select d.den_dep, a.nume, a.salariu, g.grad
  2  from grila_salariu g
  3  full outer join angajati a
  4  on a.salariu*2 between g.nivel_inf and g.nivel_sup
  5  full outer join departamente d
  6  on d.id_dep = a.id_dep
  7  order by d.den_dep, a.nume, g.grad
  8  /

DEN_DEP                        NUME                              SALARIU       GRAD                                                                                                                     
------------------------------ ------------------------------ ---------- ----------                                                                                                                     
ACCOUNTING                     CLARK                                2450          5                                                                                                                     
ACCOUNTING                     KING                                 5000                                                                                                                                
ACCOUNTING                     MILLER                               1300          4                                                                                                                     
Asigurarea calitatii           ADAMS                                1100          4                                                                                                                     
Asigurarea calitatii           FORD                                 3000          5                                                                                                                     
Asigurarea calitatii           JONES                                2975          5                                                                                                                     
Asigurarea calitatii           SCOTT                                3000          5                                                                                                                     
Asigurarea calitatii           SMITH                                 800          3                                                                                                                     
OPERATIONS                                                                                                                                                                                              
Proiectare Software            CLARK                                2450          5                                                                                                                     
Proiectare Software            KING                                 5000                                                                                                                                
Proiectare Software            MILLER                               1300          4                                                                                                                     
RESEARCH                       ADAMS                                1100          4                                                                                                                     
RESEARCH                       FORD                                 3000          5                                                                                                                     
RESEARCH                       JONES                                2975          5                                                                                                                     
RESEARCH                       SCOTT                                3000          5                                                                                                                     
RESEARCH                       SMITH                                 800          3                                                                                                                     
SALES                          ALLEN                                1600          5                                                                                                                     
SALES                          BLAKE                                2850          5                                                                                                                     
SALES                          JAMES                                 950          3                                                                                                                     
SALES                          MARTIN                               1250          4                                                                                                                     
SALES                          TURNER                               1500          4                                                                                                                     
SALES                          WARD                                 1250          4                                                                                                                     
                                                                                  1                                                                                                                     
                                                                                  2                                                                                                                     

25 rows selected.

SQL> select id_dep, nume, functie, salariu
  2  from angajati
  3  where id_dep = 10
  4  union
  5  select id_dep, nume, functie, salariu
  6  from angajati
  7  where id_dep = 30;

    ID_DEP NUME                           FUNCTIE                 SALARIU                                                                                                                               
---------- ------------------------------ -------------------- ----------                                                                                                                               
        10 CLARK                          MANAGER                    2450                                                                                                                               
        10 KING                           PRESIDENT                  5000                                                                                                                               
        10 MILLER                         CLERK                      1300                                                                                                                               
        30 ALLEN                          SALESMAN                   1600                                                                                                                               
        30 BLAKE                          MANAGER                    2850                                                                                                                               
        30 JAMES                          CLERK                       950                                                                                                                               
        30 MARTIN                         SALESMAN                   1250                                                                                                                               
        30 TURNER                         SALESMAN                   1500                                                                                                                               
        30 WARD                           SALESMAN                   1250                                                                                                                               

9 rows selected.

SQL> select id_dep, nume, 'are salariul' are, salariu sal_com
  2  from angajati
  3  where id_dep = 10
  4  union
  5  select id_dep, nume, 'are comisionul' are, comision sal_com
  6  from angajati
  7  where id_dep = 30;

    ID_DEP NUME                           ARE               SAL_COM                                                                                                                                     
---------- ------------------------------ -------------- ----------                                                                                                                                     
        10 CLARK                          are salariul         2450                                                                                                                                     
        10 KING                           are salariul         5000                                                                                                                                     
        10 MILLER                         are salariul         1300                                                                                                                                     
        30 ALLEN                          are comisionul        300                                                                                                                                     
        30 BLAKE                          are comisionul                                                                                                                                                
        30 JAMES                          are comisionul                                                                                                                                                
        30 MARTIN                         are comisionul       1400                                                                                                                                     
        30 TURNER                         are comisionul          0                                                                                                                                     
        30 WARD                           are comisionul        500                                                                                                                                     

9 rows selected.

SQL> select functie from angajati where id_dep = 10
  2  union all
  3  select functie from angajati where id_dep = 20;

FUNCTIE                                                                                                                                                                                                 
--------------------                                                                                                                                                                                    
MANAGER                                                                                                                                                                                                 
PRESIDENT                                                                                                                                                                                               
CLERK                                                                                                                                                                                                   
CLERK                                                                                                                                                                                                   
MANAGER                                                                                                                                                                                                 
ANALYST                                                                                                                                                                                                 
CLERK                                                                                                                                                                                                   
ANALYST                                                                                                                                                                                                 

8 rows selected.

SQL> select functie, nvl(comision, 0) comision
  2  from angajati where id_dep = 10
  3  intersect
  4  select functie, nvl(comision, 0)
  5  from angajati where id_dep = 20
  6  intersect
  7  select functie, nvl(comision, 0)
  8  from angajati where id_dep = 30;

FUNCTIE                COMISION                                                                                                                                                                         
-------------------- ----------                                                                                                                                                                         
CLERK                         0                                                                                                                                                                         
MANAGER                       0                                                                                                                                                                         

SQL> select functie
  2  from angajati
  3  where id_dep = 10
  4  minus
  5  select functie
  6  from angajati
  7  where id_dep = 30;

FUNCTIE                                                                                                                                                                                                 
--------------------                                                                                                                                                                                    
PRESIDENT                                                                                                                                                                                               

SQL> select * from angajati;

    ID_ANG NUME                           FUNCTIE                  ID_SEF DATA_ANG     SALARIU   COMISION     ID_DEP                                                                                    
---------- ------------------------------ -------------------- ---------- --------- ---------- ---------- ----------                                                                                    
      7369 SMITH                          CLERK                      7902 17-DEC-80        800                    20                                                                                    
      7499 ALLEN                          SALESMAN                   7698 20-FEB-81       1600        300         30                                                                                    
      7521 WARD                           SALESMAN                   7698 22-FEB-81       1250        500         30                                                                                    
      7566 JONES                          MANAGER                    7839 02-APR-81       2975                    20                                                                                    
      7654 MARTIN                         SALESMAN                   7698 28-SEP-81       1250       1400         30                                                                                    
      7698 BLAKE                          MANAGER                    7839 01-MAY-81       2850                    30                                                                                    
      7782 CLARK                          MANAGER                    7839 09-JUN-81       2450                    10                                                                                    
      7788 SCOTT                          ANALYST                    7566 19-APR-87       3000                    20                                                                                    
      7839 KING                           PRESIDENT                       17-NOV-81       5000                    10                                                                                    
      7844 TURNER                         SALESMAN                   7698 08-SEP-81       1500          0         30                                                                                    
      7876 ADAMS                          CLERK                      7788 23-MAY-87       1100                    20                                                                                    
      7900 JAMES                          CLERK                      7698 03-DEC-81        950                    30                                                                                    
      7902 FORD                           ANALYST                    7566 03-DEC-81       3000                    20                                                                                    
      7934 MILLER                         CLERK                      7782 23-JAN-82       1300                    10                                                                                    

14 rows selected.

SQL> select * from departamente
  2  
SQL> select * from departamente;

    ID_DEP DEN_DEP                        SEDIU                                                                                                                                                         
---------- ------------------------------ --------------------                                                                                                                                          
        10 ACCOUNTING                     NEW YORK                                                                                                                                                      
        20 RESEARCH                       DALLAS                                                                                                                                                        
        30 SALES                          CHICAGO                                                                                                                                                       
        40 OPERATIONS                     BOSTON                                                                                                                                                        
        10 Proiectare Software            3212121                                                                                                                                                       
        20 Asigurarea calitatii           3212122                                                                                                                                                       

6 rows selected.

SQL> select
  2  d.den_dep as "den_dep_sef",
  3  a.nume as "nume_sef",
  4  a.functie as "job_sef",
  5  a1.nume as "nume_subalt"
  6  a.salariu as "salariu_subalt",
  7  a.comision as "comision_subalt"
  8  from angajati a, angajati a1, departamente d
  9  where
 10  a.id_ang = a1.id_sef
 11  and a.salariu > 1000
 12  and nvl(a.comison, 0) = 0
 13  and d.id_dep = a.id_dep;
a.salariu as "salariu_subalt",
*
ERROR at line 6:
ORA-00923: FROM keyword not found where expected 


SQL> select
  2  d.den_dep as "Den_depart_sef",
  3  a1.nume as "Nume_sef",
  4  a1.functie as "Job_sef",
  5  a2.nume as "Nume_subalt",
  6  a2.salariu as "Salariu_subalt",
  7  a2.comision as "Comision_subalt"
  8  from
  9  departamente d,
 10  angajati a1,
 11  angajati a2
 12  where
 13  a1.id_ang = a2.id_sef
 14  and a2.salariu > 1000
 15  and nvl(a2.comision, 0) = 0
 16  and d.id_dep = a1.id_dep;

Den_depart_sef                 Nume_sef                       Job_sef              Nume_subalt                    Salariu_subalt Comision_subalt                                                        
------------------------------ ------------------------------ -------------------- ------------------------------ -------------- ---------------                                                        
ACCOUNTING                     CLARK                          MANAGER              MILLER                                   1300                                                                        
ACCOUNTING                     KING                           PRESIDENT            JONES                                    2975                                                                        
ACCOUNTING                     KING                           PRESIDENT            BLAKE                                    2850                                                                        
ACCOUNTING                     KING                           PRESIDENT            CLARK                                    2450                                                                        
RESEARCH                       JONES                          MANAGER              SCOTT                                    3000                                                                        
RESEARCH                       JONES                          MANAGER              FORD                                     3000                                                                        
RESEARCH                       SCOTT                          ANALYST              ADAMS                                    1100                                                                        
SALES                          BLAKE                          MANAGER              TURNER                                   1500               0                                                        
Proiectare Software            CLARK                          MANAGER              MILLER                                   1300                                                                        
Proiectare Software            KING                           PRESIDENT            JONES                                    2975                                                                        
Proiectare Software            KING                           PRESIDENT            BLAKE                                    2850                                                                        
Proiectare Software            KING                           PRESIDENT            CLARK                                    2450                                                                        
Asigurarea calitatii           JONES                          MANAGER              SCOTT                                    3000                                                                        
Asigurarea calitatii           JONES                          MANAGER              FORD                                     3000                                                                        
Asigurarea calitatii           SCOTT                          ANALYST              ADAMS                                    1100                                                                        

15 rows selected.

SQL> select
  2  d.den_dep as "Den_depart_sef",
  3  a1.nume as "Nume_sef",
  4  a1.functie as "Job_sef",
  5  a2.nume as "Nume_subalt",
  6  a2.salariu as "Salariu_subalt",
  7  a2.comision as "Comision_subalt"
  8  from
  9  angajati a1 inner join angajati a2 on a1.id_ang=a2.id_sef
 10  inner join departamente d on a1.id_ang = d.id_dep
 11  where
 12  a2.salariu > 1000 and (a2.comision is null or a2.comision=0);

no rows selected

SQL> select
  2  d.den_dep as "Den_depart_sef",
  3  a1.nume as "Nume_sef",
  4  a1.functie as "Job_sef",
  5  a2.nume as "Nume_subalt",
  6  a2.salariu as "Salariu_subalt",
  7  a2.comision as "Comision_subalt"
  8  from
  9  departamente d,
 10  angajati a1
 11  inner join angajati a2
 12  on a1.id_ang = a2.id_sef
 13  where
 14  d.id_dep = a1.id_dep
 15  and a2.salariu > 1000
 16  and nvl(a2.comision, 0) = 0;

Den_depart_sef                 Nume_sef                       Job_sef              Nume_subalt                    Salariu_subalt Comision_subalt                                                        
------------------------------ ------------------------------ -------------------- ------------------------------ -------------- ---------------                                                        
ACCOUNTING                     CLARK                          MANAGER              MILLER                                   1300                                                                        
ACCOUNTING                     KING                           PRESIDENT            JONES                                    2975                                                                        
ACCOUNTING                     KING                           PRESIDENT            BLAKE                                    2850                                                                        
ACCOUNTING                     KING                           PRESIDENT            CLARK                                    2450                                                                        
RESEARCH                       JONES                          MANAGER              SCOTT                                    3000                                                                        
RESEARCH                       JONES                          MANAGER              FORD                                     3000                                                                        
RESEARCH                       SCOTT                          ANALYST              ADAMS                                    1100                                                                        
SALES                          BLAKE                          MANAGER              TURNER                                   1500               0                                                        
Proiectare Software            CLARK                          MANAGER              MILLER                                   1300                                                                        
Proiectare Software            KING                           PRESIDENT            JONES                                    2975                                                                        
Proiectare Software            KING                           PRESIDENT            BLAKE                                    2850                                                                        
Proiectare Software            KING                           PRESIDENT            CLARK                                    2450                                                                        
Asigurarea calitatii           JONES                          MANAGER              SCOTT                                    3000                                                                        
Asigurarea calitatii           JONES                          MANAGER              FORD                                     3000                                                                        
Asigurarea calitatii           SCOTT                          ANALYST              ADAMS                                    1100                                                                        

15 rows selected.

SQL> select
  2  d.den_dep,
  3  a1.nume,
  4  a1.functie,
  5  a2.nume,
  6  a2.salariu,
  7  a2.comision
  8  from
  9  angajati a1,
 10  angajati a2,
 11  departamente d
 12  where a1.id_dep = d.id_dep
 13  intersect
 14  select
 15  d.den_dep,
 16  a1.nume,
 17  a1.functie,
 18  a2.nume,
 19  a2.salariu,
 20  a2.comsion
 21  from
 22  angajati a1,
 23  angajati a2,
 24  departamente d
 25  where a1.id_ang = a2.id_sef
 26  intersect
 27  select
 28  d.den_dep,
 29  a1.nume,
 30  a1.functie,
 31  a2.nume,
 32  a2.salariu,
 33  a2.comsion
 34  from
 35  angajati a1,
 36  angajati a2,
 37  departamente d
 38  where
 39  a2.salariu > 1000
 40  and (a2.comision = 0 or a2.comision is null);
a2.comsion
*
ERROR at line 20:
ORA-00904: "A2"."COMSION": invalid identifier 


SQL> select
  2  d.den_dep,
  3  a1.nume,
  4  a1.functie,
  5  a2.nume,
  6  a2.salariu,
  7  a2.comision
  8  from
  9  angajati a1,
 10  angajati a2,
 11  departamente d
 12  where a1.id_dep = d.id_dep
 13  intersect
 14  select
 15  d.den_dep,
 16  a1.nume,
 17  a1.functie,
 18  a2.nume,
 19  a2.salariu,
 20  a2.comision
 21  from
 22  angajati a1,
 23  angajati a2,
 24  departamente d
 25  where a1.id_ang = a2.id_sef
 26  intersect
 27  select
 28  d.den_dep,
 29  a1.nume,
 30  a1.functie,
 31  a2.nume,
 32  a2.salariu,
 33  a2.comsion
 34  from
 35  angajati a1,
 36  angajati a2,
 37  departamente d
 38  where
 39  a2.salariu > 1000
 40  and (a2.comision = 0 or a2.comision is null);
a2.comsion
*
ERROR at line 33:
ORA-00904: "A2"."COMSION": invalid identifier 


SQL> select
  2  d.den_dep,
  3  a1.nume,
  4  a1.functie,
  5  a2.nume,
  6  a2.salariu,
  7  a2.comision
  8  from
  9  angajati a1,
 10  angajati a2,
 11  departamente d
 12  where a1.id_dep = d.id_dep
 13  intersect
 14  select
 15  d.den_dep,
 16  a1.nume,
 17  a1.functie,
 18  a2.nume,
 19  a2.salariu,
 20  a2.comision
 21  from
 22  angajati a1,
 23  angajati a2,
 24  departamente d
 25  where a1.id_ang = a2.id_sef
 26  intersect
 27  select
 28  d.den_dep,
 29  a1.nume,
 30  a1.functie,
 31  a2.nume,
 32  a2.salariu,
 33  a2.comision
 34  from
 35  angajati a1,
 36  angajati a2,
 37  departamente d
 38  where
 39  a2.salariu > 1000
 40  and (a2.comision = 0 or a2.comision is null);

DEN_DEP                        NUME                           FUNCTIE              NUME                              SALARIU   COMISION                                                                 
------------------------------ ------------------------------ -------------------- ------------------------------ ---------- ----------                                                                 
ACCOUNTING                     CLARK                          MANAGER              MILLER                               1300                                                                            
ACCOUNTING                     KING                           PRESIDENT            BLAKE                                2850                                                                            
ACCOUNTING                     KING                           PRESIDENT            CLARK                                2450                                                                            
ACCOUNTING                     KING                           PRESIDENT            JONES                                2975                                                                            
Asigurarea calitatii           JONES                          MANAGER              FORD                                 3000                                                                            
Asigurarea calitatii           JONES                          MANAGER              SCOTT                                3000                                                                            
Asigurarea calitatii           SCOTT                          ANALYST              ADAMS                                1100                                                                            
Proiectare Software            CLARK                          MANAGER              MILLER                               1300                                                                            
Proiectare Software            KING                           PRESIDENT            BLAKE                                2850                                                                            
Proiectare Software            KING                           PRESIDENT            CLARK                                2450                                                                            
Proiectare Software            KING                           PRESIDENT            JONES                                2975                                                                            
RESEARCH                       JONES                          MANAGER              FORD                                 3000                                                                            
RESEARCH                       JONES                          MANAGER              SCOTT                                3000                                                                            
RESEARCH                       SCOTT                          ANALYST              ADAMS                                1100                                                                            
SALES                          BLAKE                          MANAGER              TURNER                               1500          0                                                                 

15 rows selected.

SQL> select
  2  d.den_dep as "Den_depart_sef",
  3  a1.nume as "Nume_sef",
  4  a1.functie as "Job_sef",
  5  a2.nume as "Nume_subalt",
  6  a2.salariu as "Salariu_subalt",
  7  a2.comision as "Comision_subalt"
  8  from
  9  angajati a1
 10  full outer join angajati a2
 11  on a1.id_ang=a2.id_sef
 12  full outer join departamente d
 13  on a1.id_ang = d.id_dep
 14  where
 15  a2.salariu > 1000 and (a2.comision is null or a2.comision=0);

Den_depart_sef                 Nume_sef                       Job_sef              Nume_subalt                    Salariu_subalt Comision_subalt                                                        
------------------------------ ------------------------------ -------------------- ------------------------------ -------------- ---------------                                                        
                               CLARK                          MANAGER              MILLER                                   1300                                                                        
                               SCOTT                          ANALYST              ADAMS                                    1100                                                                        
                               BLAKE                          MANAGER              TURNER                                   1500               0                                                        
                               JONES                          MANAGER              SCOTT                                    3000                                                                        
                               JONES                          MANAGER              FORD                                     3000                                                                        
                                                                                   KING                                     5000                                                                        
                               KING                           PRESIDENT            JONES                                    2975                                                                        
                               KING                           PRESIDENT            BLAKE                                    2850                                                                        
                               KING                           PRESIDENT            CLARK                                    2450                                                                        

9 rows selected.

SQL> select
  2  d.den_dep as "Den_depart_sef",
  3  a1.nume as "Nume_sef",
  4  a1.functie as "Job_sef",
  5  a2.nume as "Nume_subalt",
  6  a2.salariu as "Salariu_subalt",
  7  a2.comision as "Comision_subalt"
  8  from
  9  angajati a1
 10  full outer join angajati a2
 11  on a1.id_ang=a2.id_sef
 12  where
 13  a2.salariu > 1000 and (a2.comision is null or a2.comision=0);
d.den_dep as "Den_depart_sef",
*
ERROR at line 2:
ORA-00904: "D"."DEN_DEP": invalid identifier 


SQL> full outer join departamente d
SP2-0734: unknown command beginning "full outer..." - rest of line ignored.
SQL> select
  2  d.den_dep as "Den_depart_sef",
  3  a1.nume as "Nume_sef",
  4  a1.functie as "Job_sef",
  5  a2.nume as "Nume_subalt",
  6  a2.salariu as "Salariu_subalt",
  7  a2.comision as "Comision_subalt"
  8  from
  9  angajati a1
 10  full outer join angajati a2
 11  on a1.id_ang=a2.id_sef
 12  where
 13  a2.salariu > 1000 and (a2.comision is null or a2.comision=0);
d.den_dep as "Den_depart_sef",
*
ERROR at line 2:
ORA-00904: "D"."DEN_DEP": invalid identifier 

SQL> select
  2  d.den_dep as "Den_depart_sef",
  3  a1.nume as "Nume_sef",
  4  a1.functie as "Job_sef",
  5  a2.nume as "Nume_subalt",
  6  a2.salariu as "Salariu_subalt",
  7  a2.comision as "Comision_subalt"
  8  from
  9  angajati a1
 10  full outer join angajati a2
 11  on a1.id_ang=a2.id_sef
 12  and
 13  a2.salariu > 1000 and (a2.comision is null or a2.comision=0)
 14  full outer join departamente d
 15  on a1.id_ang = d.id_dep;

Den_depart_sef                 Nume_sef                       Job_sef              Nume_subalt                    Salariu_subalt Comision_subalt                                                        
------------------------------ ------------------------------ -------------------- ------------------------------ -------------- ---------------                                                        
                                                                                   SMITH                                     800                                                                        
                                                                                   ALLEN                                    1600             300                                                        
                                                                                   WARD                                     1250             500                                                        
                               KING                           PRESIDENT            JONES                                    2975                                                                        
                                                                                   MARTIN                                   1250            1400                                                        
                               KING                           PRESIDENT            BLAKE                                    2850                                                                        
                               KING                           PRESIDENT            CLARK                                    2450                                                                        
                               JONES                          MANAGER              SCOTT                                    3000                                                                        
                                                                                   KING                                     5000                                                                        
                               BLAKE                          MANAGER              TURNER                                   1500               0                                                        
                               SCOTT                          ANALYST              ADAMS                                    1100                                                                        
                                                                                   JAMES                                     950                                                                        
                               JONES                          MANAGER              FORD                                     3000                                                                        
                               CLARK                          MANAGER              MILLER                                   1300                                                                        
                               ADAMS                          CLERK                                                                                                                                     
                               WARD                           SALESMAN                                                                                                                                  
                               FORD                           ANALYST                                                                                                                                   
                               ALLEN                          SALESMAN                                                                                                                                  
                               JAMES                          CLERK                                                                                                                                     
                               SMITH                          CLERK                                                                                                                                     
                               MILLER                         CLERK                                                                                                                                     
                               MARTIN                         SALESMAN                                                                                                                                  
                               TURNER                         SALESMAN                                                                                                                                  
OPERATIONS                                                                                                                                                                                              
SALES                                                                                                                                                                                                   
ACCOUNTING                                                                                                                                                                                              
Proiectare Software                                                                                                                                                                                     
RESEARCH                                                                                                                                                                                                
Asigurarea calitatii                                                                                                                                                                                    

29 rows selected.

SQL> select
  2  d.den_dep as "Den_depart_sef",
  3  a1.nume as "Nume_sef",
  4  a1.functie as "Job_sef",
  5  a2.nume as "Nume_subalt",
  6  a2.salariu as "Salariu_subalt",
  7  a2.comision as "Comision_subalt"
  8  from
  9  angajati a1
 10  right outer join departamente d
 11  on d.id_dep = a1.id_dep
 12  join angajati a2
 13  on a1.id_ang = a2.id_sef
 14  where
 15  a2.salariu > 1000 and (a2.comision = 0 or a2.comision is NULL);

DEN_DEP                        NUME                           FUNCTIE              NUME                              SALARIU   COMISION                                                                 
------------------------------ ------------------------------ -------------------- ------------------------------ ---------- ----------                                                                 
ACCOUNTING                     CLARK                          MANAGER              MILLER                               1300                                                                            
ACCOUNTING                     KING                           PRESIDENT            BLAKE                                2850                                                                            
ACCOUNTING                     KING                           PRESIDENT            CLARK                                2450                                                                            
ACCOUNTING                     KING                           PRESIDENT            JONES                                2975                                                                            
Asigurarea calitatii           JONES                          MANAGER              FORD                                 3000                                                                            
Asigurarea calitatii           JONES                          MANAGER              SCOTT                                3000                                                                            
Asigurarea calitatii           SCOTT                          ANALYST              ADAMS                                1100                                                                            
Proiectare Software            CLARK                          MANAGER              MILLER                               1300                                                                            
Proiectare Software            KING                           PRESIDENT            BLAKE                                2850                                                                            
Proiectare Software            KING                           PRESIDENT            CLARK                                2450                                                                            
Proiectare Software            KING                           PRESIDENT            JONES                                2975                                                                            
RESEARCH                       JONES                          MANAGER              FORD                                 3000                                                                            
RESEARCH                       JONES                          MANAGER              SCOTT                                3000                                                                            
RESEARCH                       SCOTT                          ANALYST              ADAMS                                1100                                                                            
SALES                          BLAKE                          MANAGER              TURNER                               1500          0                                                                 

15 rows selected.

SQL> update login_lab_bd set data_sf=sysdate where laborator='Lab5';

1 row updated.

SQL> update login_lab_bd set durata=round((data_sf-data_in)*24*60)where laborator='Lab5';

1 row updated.

SQL> commit;

Commit complete.

SQL> select instance_numebr, instance_name, to_char(startup_time, 'dd-mm-yyyy hh:mi:ss'), host_name from v$instance;
select instance_numebr, instance_name, to_char(startup_time, 'dd-mm-yyyy hh:mi:ss'), host_name from v$instance
       *
ERROR at line 1:
ORA-00904: "INSTANCE_NUMEBR": invalid identifier 


SQL> select instance_number, instance_name, to_char(startup_time, 'dd-mm-yyyy hh:mi:ss'), host_name from v$instance;

INSTANCE_NUMBER INSTANCE_NAME    TO_CHAR(STARTUP_TIM HOST_NAME                                                                                                                                          
--------------- ---------------- ------------------- ----------------------------------------------------------------                                                                                   
              1 db19c            17-03-2021 07:16:31 DESKTOP-E0N7ML4                                                                                                                                    

SQL> select nume_stud, grupa, laborator, to_char(data_in, 'dd-mm-yyyy hh:mi:ss') data_inceput, to_char(data_sf, 'dd-mm-yyyy hh:mi:ss') data_sfarsit, durata minute_lucrate from login_lab_bd;

NUME_STUD                      GRUPA      LABORATOR  DATA_INCEPUT        DATA_SFARSIT        MINUTE_LUCRATE                                                                                             
------------------------------ ---------- ---------- ------------------- ------------------- --------------                                                                                             
Pantelimon Andreea             331CC      Lab5       02-04-2021 08:05:29 02-04-2021 10:02:05            117                                                                                             
Pantelimon Andreea             331CC      Lab1       05-03-2021 09:04:29 05-03-2021 09:04:52              0                                                                                             
Pantelimon Andreea             331CC      Lab2       12-03-2021 08:22:55 12-03-2021 10:02:50            100                                                                                             
Pantelimon Andreea             331CC      Lab3       19-03-2021 08:06:57 19-03-2021 10:13:01            126                                                                                             
Pantelimon Andreea             331CC      Lab4       26-03-2021 08:06:36 26-03-2021 10:15:46            129                                                                                                                                      

5 rows selected.

SQL> spool off;
