SQL> set lines 200
SQL> set pages 100
SQL> select to_char(sysdate,'dd-mm-yyyy hh:mi:ss') from dual;

TO_CHAR(SYSDATE,'DD                                                                                                                                                                                     
-------------------                                                                                                                                                                                     
19-03-2021 08:06:08                                                                                                                                                                                     

SQL> insert into login_lab_bd values('Pantelimon Andreea','331CC','Lab3',user,sysdate,null,null);

1 row created.

SQL> select * from login_lab_bd;

NUME_STUD                      GRUPA      LABORATOR  NUME_USER  DATA_IN   DATA_SF       DURATA                                                                                                          
------------------------------ ---------- ---------- ---------- --------- --------- ----------                                                                                                          
Pantelimon Andreea             331CC      Lab1       SCOTT      05-MAR-21 05-MAR-21          0                                                                                                          
Pantelimon Andreea             331CC      Lab2       SCOTT      12-MAR-21 12-MAR-21        100                                                                                                          
Pantelimon Andreea             331CC      Lab3       SCOTT      19-MAR-21                                                                                                                               

SQL> select * from angajati
  2  
SQL> select * from angajati;

    ID_ANG NUME                           FUNCTIE                  ID_SEF DATA_ANG     SALARIU   COMISION     ID_DEP                                                                                    
---------- ------------------------------ -------------------- ---------- --------- ---------- ---------- ----------                                                                                    
      7369 SMITH                          CLERK                      7902 17-DEC-80        800                    20                                                                                    
      7499 ALLEN                          SALESMAN                   7698 20-FEB-81       1600        300         30                                                                                    
      7521 WARD                           SALESMAN                   7698 22-FEB-81       1250        500         30                                                                                    
      7566 JONES                          MANAGER                    7839 02-APR-81       2975                    20                                                                                    
      7654 MARTIN                         SALESMAN                   7698 28-SEP-81       1250       1400         30                                                                                    
      7698 BLAKE                          MANAGER                    7839 01-MAY-81       2850                    30                                                                                    
      7782 CLARK                          MANAGER                    7839 09-JUN-81       2450                    10                                                                                    
      7788 SCOTT                          ANALYST                    7566 19-APR-87       3000                    20                                                                                    
      7839 KING                           PRESIDENT                       17-NOV-81       5000                    10                                                                                    
      7844 TURNER                         SALESMAN                   7698 08-SEP-81       1500          0         30                                                                                    
      7876 ADAMS                          CLERK                      7788 23-MAY-87       1100                    20                                                                                    
      7900 JAMES                          CLERK                      7698 03-DEC-81        950                    30                                                                                    
      7902 FORD                           ANALYST                    7566 03-DEC-81       3000                    20                                                                                    
      7934 MILLER                         CLERK                      7782 23-JAN-82       1300                    10                                                                                    

14 rows selected.

SQL> create table angajati3 (
  2  id_ang NUMBER(4),
  3  nume VARCHAR(20),
  4  functie VARCHAR(9),
  5  id_sef NUMBER(4),
  6  data_ang DATE,
  7  salariu NUMBER(7,2),
  8  comision NUMBER(7,2),
  9  id_dep NUMBER(2)
 10  );

Table created.

SQL> insert into angajati3 select * from emp;

14 rows created.

SQL> select * from angajati3
  2  
SQL> select * from angajati3;

    ID_ANG NUME                 FUNCTIE       ID_SEF DATA_ANG     SALARIU   COMISION     ID_DEP                                                                                                         
---------- -------------------- --------- ---------- --------- ---------- ---------- ----------                                                                                                         
      7369 SMITH                CLERK           7902 17-DEC-80        800                    20                                                                                                         
      7499 ALLEN                SALESMAN        7698 20-FEB-81       1600        300         30                                                                                                         
      7521 WARD                 SALESMAN        7698 22-FEB-81       1250        500         30                                                                                                         
      7566 JONES                MANAGER         7839 02-APR-81       2975                    20                                                                                                         
      7654 MARTIN               SALESMAN        7698 28-SEP-81       1250       1400         30                                                                                                         
      7698 BLAKE                MANAGER         7839 01-MAY-81       2850                    30                                                                                                         
      7782 CLARK                MANAGER         7839 09-JUN-81       2450                    10                                                                                                         
      7788 SCOTT                ANALYST         7566 19-APR-87       3000                    20                                                                                                         
      7839 KING                 PRESIDENT            17-NOV-81       5000                    10                                                                                                         
      7844 TURNER               SALESMAN        7698 08-SEP-81       1500          0         30                                                                                                         
      7876 ADAMS                CLERK           7788 23-MAY-87       1100                    20                                                                                                         
      7900 JAMES                CLERK           7698 03-DEC-81        950                    30                                                                                                         
      7902 FORD                 ANALYST         7566 03-DEC-81       3000                    20                                                                                                         
      7934 MILLER               CLERK           7782 23-JAN-82       1300                    10                                                                                                         

14 rows selected.

SQL> drop table angajati3;

Table dropped.

SQL> select * from angajati3;
select * from angajati3
              *
ERROR at line 1:
ORA-00942: table or view does not exist 


SQL> create table angajati3 as select * from emp;

Table created.

SQL> select * from angajati3;

     EMPNO ENAME      JOB              MGR HIREDATE         SAL       COMM     DEPTNO                                                                                                                   
---------- ---------- --------- ---------- --------- ---------- ---------- ----------                                                                                                                   
      7369 SMITH      CLERK           7902 17-DEC-80        800                    20                                                                                                                   
      7499 ALLEN      SALESMAN        7698 20-FEB-81       1600        300         30                                                                                                                   
      7521 WARD       SALESMAN        7698 22-FEB-81       1250        500         30                                                                                                                   
      7566 JONES      MANAGER         7839 02-APR-81       2975                    20                                                                                                                   
      7654 MARTIN     SALESMAN        7698 28-SEP-81       1250       1400         30                                                                                                                   
      7698 BLAKE      MANAGER         7839 01-MAY-81       2850                    30                                                                                                                   
      7782 CLARK      MANAGER         7839 09-JUN-81       2450                    10                                                                                                                   
      7788 SCOTT      ANALYST         7566 19-APR-87       3000                    20                                                                                                                   
      7839 KING       PRESIDENT            17-NOV-81       5000                    10                                                                                                                   
      7844 TURNER     SALESMAN        7698 08-SEP-81       1500          0         30                                                                                                                   
      7876 ADAMS      CLERK           7788 23-MAY-87       1100                    20                                                                                                                   
      7900 JAMES      CLERK           7698 03-DEC-81        950                    30                                                                                                                   
      7902 FORD       ANALYST         7566 03-DEC-81       3000                    20                                                                                                                   
      7934 MILLER     CLERK           7782 23-JAN-82       1300                    10                                                                                                                   

14 rows selected.

SQL> select id_ang,nume,functie,salariu from angajati3
  2  where id_sef = &id_sef;
Enter value for id_sef: 7839
old   2: where id_sef = &id_sef
new   2: where id_sef = 7839
where id_sef = 7839
      *
ERROR at line 2:
ORA-00904: "ID_SEF": invalid identifier 


SQL> drop table angajati3;

Table dropped.

SQL> create table angajati3 (
  2  id_ang NUMBER(4),
  3  nume VARCHAR(20),
  4  functie VARCHAR(9),
  5  id_sef NUMBER(4),
  6  data_ang DATE,
  7  salariu NUMBER(7,2),
  8  comision NUMBER(7,2),
  9  id_dep NUMBER(2)
 10  );

Table created.

SQL> insert into angajati3 select * from emp;

14 rows created.

SQL> select id_ang,nume,functie,salariu from angajati3
  2  where id_sef = &id_sef;
Enter value for id_sef: 7839
old   2: where id_sef = &id_sef
new   2: where id_sef = 7839

    ID_ANG NUME                 FUNCTIE      SALARIU                                                                                                                                                    
---------- -------------------- --------- ----------                                                                                                                                                    
      7566 JONES                MANAGER         2975                                                                                                                                                    
      7698 BLAKE                MANAGER         2850                                                                                                                                                    
      7782 CLARK                MANAGER         2450                                                                                                                                                    

SQL> select nume,'&functie' functie,salariu from angajati3
  2  where functie = &functie;
Enter value for functie: 'ANALYST'
old   1: select nume,'&functie' functie,salariu from angajati3
new   1: select nume,''ANALYST'' functie,salariu from angajati3
Enter value for functie: 
old   2: where functie = &functie
new   2: where functie = 
select nume,''ANALYST'' functie,salariu from angajati3
                     *
ERROR at line 1:
ORA-00923: FROM keyword not found where expected 


SQL> select nume,'&functie' functie,salariu from angajati3
  2  where functie = &functie;
Enter value for functie: Analist Programator
old   1: select nume,'&functie' functie,salariu from angajati3
new   1: select nume,'Analist Programator' functie,salariu from angajati3
Enter value for functie: 'ANALYST'
old   2: where functie = &functie
new   2: where functie = 'ANALYST'

NUME                 FUNCTIE                SALARIU                                                                                                                                                     
-------------------- ------------------- ----------                                                                                                                                                     
SCOTT                Analist Programator       3000                                                                                                                                                     
FORD                 Analist Programator       3000                                                                                                                                                     

SQL> select nume,functie,&salariu_anual salariu_anual
  2  from &tabel
  3  where &nume_coloana = &valoare_coloana;
Enter value for salariu_anual: salariu*12
old   1: select nume,functie,&salariu_anual salariu_anual
new   1: select nume,functie,salariu*12 salariu_anual
Enter value for tabel: angajati3
old   2: from &tabel
new   2: from angajati3
Enter value for nume_coloana: id_dep
Enter value for valoare_coloana: 20
old   3: where &nume_coloana = &valoare_coloana
new   3: where id_dep = 20

NUME                 FUNCTIE   SALARIU_ANUAL                                                                                                                                                            
-------------------- --------- -------------                                                                                                                                                            
SMITH                CLERK              9600                                                                                                                                                            
JONES                MANAGER           35700                                                                                                                                                            
SCOTT                ANALYST           36000                                                                                                                                                            
ADAMS                CLERK             13200                                                                                                                                                            
FORD                 ANALYST           36000                                                                                                                                                            

SQL> select nume,functie,&&venit_lunar venit_lunar
  2  from angajati3
  3  where &venit_lunar > 2000;
Enter value for venit_lunar: salariu+nvl<comision,0>
old   1: select nume,functie,&&venit_lunar venit_lunar
new   1: select nume,functie,salariu+nvl<comision,0> venit_lunar
old   3: where &venit_lunar > 2000
new   3: where salariu+nvl<comision,0> > 2000
select nume,functie,salariu+nvl<comision,0> venit_lunar
                               *
ERROR at line 1:
ORA-00923: FROM keyword not found where expected 


SQL> select nume,functie,&&venit_lunar venit_lunar
  2  from angajati3
  3  where &venit_lunar > 2000;
old   1: select nume,functie,&&venit_lunar venit_lunar
new   1: select nume,functie,salariu+nvl<comision,0> venit_lunar
old   3: where &venit_lunar > 2000
new   3: where salariu+nvl<comision,0> > 2000
select nume,functie,salariu+nvl<comision,0> venit_lunar
                               *
ERROR at line 1:
ORA-00923: FROM keyword not found where expected 


SQL> edit
Wrote file afiedt.buf

  1  select nume,functie,&&venit_lunar venit_lunar
  2  from angajati3
  3* where &venit_lunar > 2000
SQL> select nume,functie,&&venit_lunar venit_lunar
  2  from angajati3
  3  where &venit_lunar > 2000;
old   1: select nume,functie,&&venit_lunar venit_lunar
new   1: select nume,functie,salariu+nvl<comision,0> venit_lunar
old   3: where &venit_lunar > 2000
new   3: where salariu+nvl<comision,0> > 2000
select nume,functie,salariu+nvl<comision,0> venit_lunar
                               *
ERROR at line 1:
ORA-00923: FROM keyword not found where expected 


SQL> select nume,functie,&&venit_lunar venit_lunar
  2  from angajati
  3  where &venit_lunar > 2000;
old   1: select nume,functie,&&venit_lunar venit_lunar
new   1: select nume,functie,salariu+nvl<comision,0> venit_lunar
old   3: where &venit_lunar > 2000
new   3: where salariu+nvl<comision,0> > 2000
select nume,functie,salariu+nvl<comision,0> venit_lunar
                               *
ERROR at line 1:
ORA-00923: FROM keyword not found where expected 


SQL> select id_ang,nume,functie,data_ang
  2  from angajati3
  3  where functie = '&1' and data_ang > '&2'
  4  order by data_ang;
Enter value for 1: ANALYST
Enter value for 2: 15-AUG-1981
old   3: where functie = '&1' and data_ang > '&2'
new   3: where functie = 'ANALYST' and data_ang > '15-AUG-1981'

    ID_ANG NUME                 FUNCTIE   DATA_ANG                                                                                                                                                      
---------- -------------------- --------- ---------                                                                                                                                                     
      7902 FORD                 ANALYST   03-DEC-81                                                                                                                                                     
      7788 SCOTT                ANALYST   19-APR-87                                                                                                                                                     

SQL> @D:\ang.sql ANALYST 15-AUG-1981
old   3: where functie ='&1' and fata_ang > '&2'
new   3: where functie ='ANALYST' and fata_ang > '15-AUG-1981'
where functie ='ANALYST' and fata_ang > '15-AUG-1981'
                             *
ERROR at line 3:
ORA-00904: "FATA_ANG": invalid identifier 


SQL> @D:\ang.sql ANALYST 15-AUG-1981
old   3: where functie ='&1' and data_ang > '&2'
new   3: where functie ='ANALYST' and data_ang > '15-AUG-1981'

    ID_ANG NUME                 FUNCTIE   DATA_ANG                                                                                                                                                      
---------- -------------------- --------- ---------                                                                                                                                                     
      7902 FORD                 ANALYST   03-DEC-81                                                                                                                                                     
      7788 SCOTT                ANALYST   19-APR-87                                                                                                                                                     

SQL> @D:\ang.sql CLERK 15-AUG-1981
old   3: where functie ='&1' and data_ang > '&2'
new   3: where functie ='CLERK' and data_ang > '15-AUG-1981'

    ID_ANG NUME                 FUNCTIE   DATA_ANG                                                                                                                                                      
---------- -------------------- --------- ---------                                                                                                                                                     
      7900 JAMES                CLERK     03-DEC-81                                                                                                                                                     
      7934 MILLER               CLERK     23-JAN-82                                                                                                                                                     
      7876 ADAMS                CLERK     23-MAY-87                                                                                                                                                     

SQL> @D\ex6.sql
SP2-0310: unable to open file "D\ex6.sql"
SQL> @D:\ex6.sql
Introduceti functia angajatului:MANAGER
old   3: where functie = '&functie_ang'
new   3: where functie = 'MANAGER'

NUME                    SALARIU   COMISION                                                                                                                                                              
-------------------- ---------- ----------                                                                                                                                                              
JONES                      2975                                                                                                                                                                         
BLAKE                      2850                                                                                                                                                                         
CLARK                      2450                                                                                                                                                                         

SQL> commit;

Commit complete.

SQL> set verify off
SQL> @d:\ex7.sql
Introduceti ecusonul angajatului:1111
Introduceti numele angajatului:IONESCU
Introduceti functia angajatului:CLERK
Introduceti salariul angajatului:
values(1111,'IONESCU','CLERK',)
                              *
ERROR at line 2:
ORA-00936: missing expression 


SQL> @d:\ex7.sql
Introduceti ecusonul angajatului:1111
Introduceti numele angajatului:IONESCU
Introduceti functia angajatului:CLERK
Introduceti salariul angajatului:
insert into anagajati3(id_ang,nume,functie,salariu)
            *
ERROR at line 1:
ORA-00942: table or view does not exist 


SQL> @d:\ex7.sql
Introduceti ecusonul angajatului:1111
Introduceti numele angajatului:IONESCU
Introduceti functia angajatului:CLERK
Introduceti salariul angajatului:

1 row created.

SQL> set verify on
SQL> @d:\ex7.sql
Introduceti ecusonul angajatului:1112
Introduceti numele angajatului:POPESCU
Introduceti functia angajatului:ANALYST
Introduceti salariul angajatului:
old   2: values(&id_ang,'&nume','&functie',&salariu)
new   2: values(1112,'POPESCU','ANALYST',4500)

1 row created.

SQL> define procent_prima=0.15
SQL> define id_dep=20
SQL> select nume,salariu,salariu*&procent_prima prima
  2  from angajati3
  3  where id_dep=&id_dep;
old   1: select nume,salariu,salariu*&procent_prima prima
new   1: select nume,salariu,salariu*0.15 prima
old   3: where id_dep=&id_dep
new   3: where id_dep=20

NUME                    SALARIU      PRIMA                                                                                                                                                              
-------------------- ---------- ----------                                                                                                                                                              
SMITH                       800        120                                                                                                                                                              
JONES                      2975     446.25                                                                                                                                                              
SCOTT                      3000        450                                                                                                                                                              
ADAMS                      1100        165                                                                                                                                                              
FORD                       3000        450                                                                                                                                                              

SQL> define
DEFINE _DATE           = "19-MAR-21" (CHAR)
DEFINE _CONNECT_IDENTIFIER = "DB19c" (CHAR)
DEFINE _USER           = "SCOTT" (CHAR)
DEFINE _PRIVILEGE      = "" (CHAR)
DEFINE _SQLPLUS_RELEASE = "1903000000" (CHAR)
DEFINE _EDITOR         = "Notepad" (CHAR)
DEFINE _O_VERSION      = "Oracle Database 19c Enterprise Edition Release 19.0.0.0.0 - Production
Version 19.3.0.0.0" (CHAR)
DEFINE _O_RELEASE      = "1903000000" (CHAR)
DEFINE VENIT_LUNAR     = "salariu+nvl<comision,0>" (CHAR)
DEFINE _RC             = "0" (CHAR)
DEFINE 1               = "CLERK" (CHAR)
DEFINE 2               = "15-AUG-1981" (CHAR)
DEFINE PROCENT_PRIMA   = "0.15" (CHAR)
DEFINE ID_DEP          = "20" (CHAR)
SQL> commit;

Commit complete.

SQL> select * from angajati3;

    ID_ANG NUME                 FUNCTIE       ID_SEF DATA_ANG     SALARIU   COMISION     ID_DEP                                                                                                         
---------- -------------------- --------- ---------- --------- ---------- ---------- ----------                                                                                                         
      7369 SMITH                CLERK           7902 17-DEC-80        800                    20                                                                                                         
      7499 ALLEN                SALESMAN        7698 20-FEB-81       1600        300         30                                                                                                         
      7521 WARD                 SALESMAN        7698 22-FEB-81       1250        500         30                                                                                                         
      7566 JONES                MANAGER         7839 02-APR-81       2975                    20                                                                                                         
      7654 MARTIN               SALESMAN        7698 28-SEP-81       1250       1400         30                                                                                                         
      7698 BLAKE                MANAGER         7839 01-MAY-81       2850                    30                                                                                                         
      7782 CLARK                MANAGER         7839 09-JUN-81       2450                    10                                                                                                         
      7788 SCOTT                ANALYST         7566 19-APR-87       3000                    20                                                                                                         
      7839 KING                 PRESIDENT            17-NOV-81       5000                    10                                                                                                         
      7844 TURNER               SALESMAN        7698 08-SEP-81       1500          0         30                                                                                                         
      7876 ADAMS                CLERK           7788 23-MAY-87       1100                    20                                                                                                         
      7900 JAMES                CLERK           7698 03-DEC-81        950                    30                                                                                                         
      7902 FORD                 ANALYST         7566 03-DEC-81       3000                    20                                                                                                         
      7934 MILLER               CLERK           7782 23-JAN-82       1300                    10                                                                                                         
      1111 IONESCU              CLERK                                1200                                                                                                                               
      1112 POPESCU              ANALYST                              4500                                                                                                                               

16 rows selected.

SQL> select nume,'&functie' job,data_ang,salariu
  2  from angajati3
  3  
SQL> select nume,'&functie' job,'&data_ang' data_angajare,salariu
  2  from angajati3
  3  where job=&functie and data_angajare=&data_ang;
Enter value for functie: ANALYST
Enter value for data_ang: 1981
old   1: select nume,'&functie' job,'&data_ang' data_angajare,salariu
new   1: select nume,'ANALYST' job,'1981' data_angajare,salariu
Enter value for functie: ANALYST
Enter value for data_ang: 1987
old   3: where job=&functie and data_angajare=&data_ang
new   3: where job=ANALYST and data_angajare=1987
where job=ANALYST and data_angajare=1987
                      *
ERROR at line 3:
ORA-00904: "DATA_ANGAJARE": invalid identifier 


SQL> select nume,'&functie' job,data_ang,salariu
  2  from angajati3
  3  where job=&functie;
Enter value for functie: analyst
old   1: select nume,'&functie' job,data_ang,salariu
new   1: select nume,'analyst' job,data_ang,salariu
Enter value for functie: analyst
old   3: where job=&functie
new   3: where job=analyst
where job=analyst
          *
ERROR at line 3:
ORA-00904: "ANALYST": invalid identifier 


SQL> select nume,'&functie' job,data_ang,salariu
  2  from angajati3
  3  where job=&functie;
Enter value for functie: ANALYST
old   1: select nume,'&functie' job,data_ang,salariu
new   1: select nume,'ANALYST' job,data_ang,salariu
Enter value for functie: 'ANALYST'
old   3: where job=&functie
new   3: where job='ANALYST'
where job='ANALYST'
      *
ERROR at line 3:
ORA-00904: "JOB": invalid identifier 


SQL> select nume,&job functie,&data_angajare data_ang,salariu
  2  from angajati3
  3  ;
Enter value for job: ANALYST
Enter value for data_angajare: 1981
old   1: select nume,&job functie,&data_angajare data_ang,salariu
new   1: select nume,ANALYST functie,1981 data_ang,salariu
select nume,ANALYST functie,1981 data_ang,salariu
            *
ERROR at line 1:
ORA-00904: "ANALYST": invalid identifier 


SQL> select nume,&job functie,&data_angajare data_ang,salariu
  2  from angajati3
  3  
SQL> select nume,'&job' functie,'&data_angajare' data_ang,salariu
  2  from angajati3
  3  where job=&functie and data_angajare=&data_ang;
Enter value for job: ANALYST
Enter value for data_angajare: 1981
old   1: select nume,'&job' functie,'&data_angajare' data_ang,salariu
new   1: select nume,'ANALYST' functie,'1981' data_ang,salariu
Enter value for functie: ANALYST
Enter value for data_ang: 1987
old   3: where job=&functie and data_angajare=&data_ang
new   3: where job=ANALYST and data_angajare=1987
where job=ANALYST and data_angajare=1987
                      *
ERROR at line 3:
ORA-00904: "DATA_ANGAJARE": invalid identifier 


SQL> select nume,'&job' functie,'&data_angajare' data_ang,salariu
  2  from angajati3
  3  where functie=&functie and data_ang=&data_ang;
Enter value for job: Analyst
Enter value for data_angajare: 1981
old   1: select nume,'&job' functie,'&data_angajare' data_ang,salariu
new   1: select nume,'Analyst' functie,'1981' data_ang,salariu
Enter value for functie: Analyst
Enter value for data_ang: 1987
old   3: where functie=&functie and data_ang=&data_ang
new   3: where functie=Analyst and data_ang=1987
where functie=Analyst and data_ang=1987
              *
ERROR at line 3:
ORA-00904: "ANALYST": invalid identifier 


SQL> select * from angajati3;

    ID_ANG NUME                 FUNCTIE       ID_SEF DATA_ANG     SALARIU   COMISION     ID_DEP                                                                                                         
---------- -------------------- --------- ---------- --------- ---------- ---------- ----------                                                                                                         
      7369 SMITH                CLERK           7902 17-DEC-80        800                    20                                                                                                         
      7499 ALLEN                SALESMAN        7698 20-FEB-81       1600        300         30                                                                                                         
      7521 WARD                 SALESMAN        7698 22-FEB-81       1250        500         30                                                                                                         
      7566 JONES                MANAGER         7839 02-APR-81       2975                    20                                                                                                         
      7654 MARTIN               SALESMAN        7698 28-SEP-81       1250       1400         30                                                                                                         
      7698 BLAKE                MANAGER         7839 01-MAY-81       2850                    30                                                                                                         
      7782 CLARK                MANAGER         7839 09-JUN-81       2450                    10                                                                                                         
      7788 SCOTT                ANALYST         7566 19-APR-87       3000                    20                                                                                                         
      7839 KING                 PRESIDENT            17-NOV-81       5000                    10                                                                                                         
      7844 TURNER               SALESMAN        7698 08-SEP-81       1500          0         30                                                                                                         
      7876 ADAMS                CLERK           7788 23-MAY-87       1100                    20                                                                                                         
      7900 JAMES                CLERK           7698 03-DEC-81        950                    30                                                                                                         
      7902 FORD                 ANALYST         7566 03-DEC-81       3000                    20                                                                                                         
      7934 MILLER               CLERK           7782 23-JAN-82       1300                    10                                                                                                         
      1111 IONESCU              CLERK                                1200                                                                                                                               
      1112 POPESCU              ANALYST                              4500                                                                                                                               

16 rows selected.

SQL> select nume,'&functie' functie,'&data_ang' data_ang,salariu
  2  from angajati3
  3  where functie = &functie and data_ang = &data_ang;
Enter value for functie: Analist
Enter value for data_ang: 1981
old   1: select nume,'&functie' functie,'&data_ang' data_ang,salariu
new   1: select nume,'Analist' functie,'1981' data_ang,salariu
Enter value for functie: 'ANALYST'
Enter value for data_ang: 1981
old   3: where functie = &functie and data_ang = &data_ang
new   3: where functie = 'ANALYST' and data_ang = 1981
where functie = 'ANALYST' and data_ang = 1981
                                       *
ERROR at line 3:
ORA-00932: inconsistent datatypes: expected DATE got NUMBER 


SQL> select nume,functie job,data_ang,salariu
  2  from angajati3
  3  where functie='&functie' and extract(year from data_ang)=&year;
Enter value for functie: ANALYST
Enter value for year: 1981
old   3: where functie='&functie' and extract(year from data_ang)=&year
new   3: where functie='ANALYST' and extract(year from data_ang)=1981

NUME                 JOB       DATA_ANG     SALARIU                                                                                                                                                     
-------------------- --------- --------- ----------                                                                                                                                                     
FORD                 ANALYST   03-DEC-81       3000                                                                                                                                                     

SQL> accept jon_ang char prompt 'Introduceti jobul:'
Introduceti jobul:
SQL> @d:\tema.sql
Introduceti jobul:ANALYST
Introduceti anul angajarii:1987
old   3: where functie='&job_ang' and extract(year from data_ang)=&an_ang
new   3: where functie='ANALYST' and extract(year from data_ang)=1987

NUME                 JOB       DATA_ANG     SALARIU                                                                                                                                                     
-------------------- --------- --------- ----------                                                                                                                                                     
SCOTT                ANALYST   19-APR-87       3000                                                                                                                                                     

SQL> @d:\tema.sql
Introduceti jobul:ANALYST
Introduceti anul angajarii:1981
old   3: where functie='&job_ang' and extract(year from data_ang)=&an_ang
new   3: where functie='ANALYST' and extract(year from data_ang)=1981

NUME                 JOB       DATA_ANG     SALARIU                                                                                                                                                     
-------------------- --------- --------- ----------                                                                                                                                                     
FORD                 ANALYST   03-DEC-81       3000                                                                                                                                                     

SQL> select nume,functie job,data_ang,salariu
  2  from angajati3
  3  where
  4  
SQL> @d:\tema1.sql
Enter value for functie: ANALYST
Enter value for data_ang: 1981
old   1: select nume,&functie job,&data_ang data_ang,salariu
new   1: select nume,ANALYST job,1981 data_ang,salariu
select nume,ANALYST job,1981 data_ang,salariu
            *
ERROR at line 1:
ORA-00904: "ANALYST": invalid identifier 

SQL> @d:\tema1.sql ANALYST 1981
old   3: where functie='&1' and extract(year from data_ang)='&2'
new   3: where functie='ANALYST' and extract(year from data_ang)='1981'

NUME                 JOB       DATA_ANG     SALARIU                                                                                                                                                     
-------------------- --------- --------- ----------                                                                                                                                                     
FORD                 ANALYST   03-DEC-81       3000                                                                                                                                                     


SQL> update login_lab_bd set data_sf=sysdate where laborator='Lab3';

1 row updated.

SQL> update login_lab_bd set durata=round((data_sf-data_in)*24*60) where laborator='Lab3';

1 row updated.

SQL> commit;

Commit complete.

SQL> select instance_number,instance_name,to_char(startup_time,'dd-mm-yyyy hh:mi:ss') data_inceput,to_char(data_sf,'dd-mm-yyyy hh:mi:ss') data_sfarsit,durata minute_lucrate from login_lab_bd;
select instance_number,instance_name,to_char(startup_time,'dd-mm-yyyy hh:mi:ss') data_inceput,to_char(data_sf,'dd-mm-yyyy hh:mi:ss') data_sfarsit,durata minute_lucrate from login_lab_bd
                                             *
ERROR at line 1:
ORA-00904: "STARTUP_TIME": invalid identifier 


SQL> select instance_number,instance_name,to_char(startup_time,'dd-mm-yyyy hh:mi:ss'),host_name from v$instance;

INSTANCE_NUMBER INSTANCE_NAME    TO_CHAR(STARTUP_TIM HOST_NAME                                                                                                                                          
--------------- ---------------- ------------------- ----------------------------------------------------------------                                                                                   
              1 db19c            17-03-2021 07:16:31 DESKTOP-E0N7ML4                                                                                                                                    

SQL> select nume_stud,grupa,laborator,to_char(data_in,'dd-mm-yyyy hh:mi:ss') data_inceput,to_char(data_sf,'dd-mm-yyyy hh:mi:ss') data_sfarsit,durata minute_lucrate from login_lab_bd;

NUME_STUD                      GRUPA      LABORATOR  DATA_INCEPUT        DATA_SFARSIT        MINUTE_LUCRATE                                                                                             
------------------------------ ---------- ---------- ------------------- ------------------- --------------                                                                                             
Pantelimon Andreea             331CC      Lab1       05-03-2021 09:04:29 05-03-2021 09:04:52              0                                                                                             
Pantelimon Andreea             331CC      Lab2       12-03-2021 08:22:55 12-03-2021 10:02:50            100                                                                                             
Pantelimon Andreea             331CC      Lab3       19-03-2021 08:06:57 19-03-2021 10:13:01            126                                                                                             

SQL> spool off;
