SQL> set lines 200
SQL> set pages 100
SQL> select to_char(sysdate, 'dd-mm-yyyy hh:mi:ss') from dual;

TO_CHAR(SYSDATE,'DD                                                                                                                                                                                     
-------------------                                                                                                                                                                                     
07-05-2021 08:09:24                                                                                                                                                                                     

SQL> insert into login_lab_bd values('Pantelimon Andreea', '331CC', 'Lab9', user, sysdate, null, null);

1 row created.

SQL> select * from login_lab_bd;

NUME_STUD                      GRUPA      LABORATOR  NUME_USER  DATA_IN   DATA_SF       DURATA                                                                                                          
------------------------------ ---------- ---------- ---------- --------- --------- ----------                                                                                                          
Pantelimon Andreea             331CC      Lab5       SCOTT      02-APR-21 02-APR-21        117                                                                                                          
Pantelimon Andreea             331CC      Lab7       SCOTT      16-APR-21 16-APR-21        109                                                                                                          
Pantelimon Andreea             331CC      Lab9       SCOTT      07-MAY-21                                                                                                                               
Pantelimon Andreea             331CC      Lab1       SCOTT      05-MAR-21 05-MAR-21          0                                                                                                          
Pantelimon Andreea             331CC      Lab6       SCOTT      09-APR-21 09-APR-21        109                                                                                                          
Pantelimon Andreea             331CC      Lab8       SCOTT      23-APR-21 23-APR-21        109                                                                                                          
Pantelimon Andreea             331CC      Lab2       SCOTT      12-MAR-21 12-MAR-21        100                                                                                                          
Pantelimon Andreea             331CC      Lab3       SCOTT      19-MAR-21 19-MAR-21        126                                                                                                          
Pantelimon Andreea             331CC      Lab4       SCOTT      26-MAR-21 26-MAR-21        129                                                           

9 rows selected.

SQL> select d.den_dep,
  2  a.functie,
  3  count(a.id_ang) nr_ang
  4  from angajati a
  5  natural join departamente d
  6  group by d.den_dep,
  7  a.functie
  8  having count(a.id_ang) = (select max(count(id_ang))
  9  from angajati
 10  group by id_dep, functie);

DEN_DEP                        FUNCTIE                  NR_ANG                                                                                                                                          
------------------------------ -------------------- ----------                                                                                                                                          
SALES                          SALESMAN                      4                                                                                                                                          

SQL> define id_dep = 30
SQL> select d.den_dep,
  2  a.nume,
  3  a.functie,
  4  a.comision
  5  from angajati a
  6  inner join departamente d
  7  on a.id_dep = d.id_dep
  8  group by d.den_dep,
  9  a.nume,
 10  a.functie,
 11  a.comision
 12  having max(a.comision) in (select max(comision)
 13  from angajati
 14  where id_dep = &id_dep
 15  group by id_dep)
 16  order by 2;
old  14: where id_dep = &id_dep
new  14: where id_dep = 30

DEN_DEP                        NUME                           FUNCTIE                COMISION                                                                                                           
------------------------------ ------------------------------ -------------------- ----------                                                                                                           
SALES                          MARTIN                         SALESMAN                   1400                                                                                                           

SQL> select
  2  a.nume,
  3  a.functie
  4  a.data_ang,
  5  a.salariu
  6  from angajati a,
  7  (select id_dep,
  8  max(salariu) sal_MAX_dep
  9  from angajati
 10  group by id_dep) b
 11  group by a.nume,
 12  a.functie,
 13  a.data_ang,
 14  a.salariu
 15  having a.salariu = max(b.sal_MAX_dep)
 16  order by a.nume;
a.data_ang,
 *
ERROR at line 4:
ORA-00923: FROM keyword not found where expected 


SQL> edit
Wrote file afiedt.buf

  1  select
  2  a.nume,
  3  a.functie
  4  a.data_ang,
  5  a.salariu
  6  from angajati a,
  7  (select id_dep,
  8  max(salariu) sal_MAX_dep
  9  from angajati
 10  group by id_dep) b
 11  group by a.nume,
 12  a.functie,
 13  a.data_ang,
 14  a.salariu
 15  having a.salariu = max(b.sal_MAX_dep)
 16* order by a.nume
SQL> select * from angajati;

    ID_ANG NUME                           FUNCTIE                  ID_SEF DATA_ANG     SALARIU   COMISION     ID_DEP                                                                                    
---------- ------------------------------ -------------------- ---------- --------- ---------- ---------- ----------                                                                                    
      7369 SMITH                          CLERK                      7902 17-DEC-80     1017.5                    20                                                                                    
      7499 ALLEN                          SALESMAN                   7698 20-FEB-81    1756.67        550         30                                                                                    
      7521 WARD                           SALESMAN                   7698 22-FEB-81    1406.67        550         30                                                                                    
      7566 JONES                          MANAGER                    7839 02-APR-81     3192.5                    20                                                                                    
      7654 MARTIN                         SALESMAN                   7698 28-SEP-81       1250       1400         30                                                                                    
      7698 BLAKE                          MANAGER                    7839 01-MAY-81    3006.67        550         30                                                                                    
      7782 CLARK                          MANAGER                    7839 09-JUN-81       2450                    10                                                                                    
      7788 SCOTT                          ANALYST                    7566 19-APR-87       3000                    20                                                                                    
      7839 KING                           PRESIDENT                       17-NOV-81       5000                    10                                                                                    
      7844 TURNER                         SALESMAN                   7698 08-SEP-81       1500          0         30                                                                                    
      7876 ADAMS                          CLERK                      7788 23-MAY-87       1100                    20                                                                                    
      7900 JAMES                          CLERK                      7698 03-DEC-81        950                    30                                                                                    
      7902 FORD                           ANALYST                    7566 03-DEC-81       3000                    20                                                                                    
      7934 MILLER                         CLERK                      7782 23-JAN-82       1300                    10                                                                                    

14 rows selected.

SQL> select nume Nume_Ang,
  2  (select nume
  3  from angajati
  4  where id_ang = a.id_sef) Nume_Sef
  5  from angajati a
  6  where id_dep = 20
  7  order by nume;

NUME_ANG                       NUME_SEF                                                                                                                                                                 
------------------------------ ------------------------------                                                                                                                                           
ADAMS                          SCOTT                                                                                                                                                                    
FORD                           JONES                                                                                                                                                                    
JONES                          KING                                                                                                                                                                     
SCOTT                          JONES                                                                                                                                                                    
SMITH                          FORD                                                                                                                                                                     

SQL> select id_dep, nume, functie
  2  from angajati a
  3  where id_dep in(10, 20)
  4  order by (select count(*)
  5  from angajati b
  6  where a.id_dep = b.id_dep) desc;

    ID_DEP NUME                           FUNCTIE                                                                                                                                                       
---------- ------------------------------ --------------------                                                                                                                                          
        20 SMITH                          CLERK                                                                                                                                                         
        20 JONES                          MANAGER                                                                                                                                                       
        20 SCOTT                          ANALYST                                                                                                                                                       
        20 FORD                           ANALYST                                                                                                                                                       
        20 ADAMS                          CLERK                                                                                                                                                         
        10 KING                           PRESIDENT                                                                                                                                                     
        10 MILLER                         CLERK                                                                                                                                                         
        10 CLARK                          MANAGER                                                                                                                                                       

8 rows selected.

SQL> select id_dep,
  2  nume,
  3  functie,
  4  salariu
  5  from angajati
  6  where salariu >  some(select distinct salariu
  7  from angajati
  8  where functie = 'SALESMAN')
  9  order by id_dep, nume;

    ID_DEP NUME                           FUNCTIE                 SALARIU                                                                                                                               
---------- ------------------------------ -------------------- ----------                                                                                                                               
        10 CLARK                          MANAGER                    2450                                                                                                                               
        10 KING                           PRESIDENT                  5000                                                                                                                               
        10 MILLER                         CLERK                      1300                                                                                                                               
        20 FORD                           ANALYST                    3000                                                                                                                               
        20 JONES                          MANAGER                  3192.5                                                                                                                               
        20 SCOTT                          ANALYST                    3000                                                                                                                               
        30 ALLEN                          SALESMAN                1756.67                                                                                                                               
        30 BLAKE                          MANAGER                 3006.67                                                                                                                               
        30 TURNER                         SALESMAN                   1500                                                                                                                               
        30 WARD                           SALESMAN                1406.67                                                                                                                               

10 rows selected.

SQL> select
  2  id_dep,
  3  nume,
  4  funcie,
  5  salariu
  6  from angajati
  7  where salaraiu >= all(select distinct salariu
  8  from angajati
  9  where functie = 'SALESMAN')
 10  order by id_dep,
 11  nume;
where salaraiu >= all(select distinct salariu
      *
ERROR at line 7:
ORA-00904: "SALARAIU": invalid identifier 


SQL> edit
Wrote file afiedt.buf

  1  select
  2  id_dep,
  3  nume,
  4  funcie,
  5  salariu
  6  from angajati
  7  where salariu >= all(select distinct salariu
  8  from angajati
  9  where functie = 'SALESMAN')
 10  order by id_dep,
 11* nume
SQL> select
  2  id_dep,
  3  nume,
  4  funcie,
  5  salariu
  6  from angajati
  7  where salariu >= all(select distinct salariu
  8  from angajati
  9  where functie = 'SALESMAN')
 10  order by id_dep,
 11  nume
 12  /
funcie,
*
ERROR at line 4:
ORA-00904: "FUNCIE": invalid identifier 


SQL> edit
Wrote file afiedt.buf

  1  select
  2  id_dep,
  3  nume,
  4  functie,
  5  salariu
  6  from angajati
  7  where salariu >= all(select distinct salariu
  8  from angajati
  9  where functie = 'SALESMAN')
 10  order by id_dep,
 11* nume
SQL> select
  2  id_dep,
  3  nume,
  4  functie,
  5  salariu
  6  from angajati
  7  where salariu >= all(select distinct salariu
  8  from angajati
  9  where functie = 'SALESMAN')
 10  order by id_dep,
 11  nume
 12  /

    ID_DEP NUME                           FUNCTIE                 SALARIU                                                                                                                               
---------- ------------------------------ -------------------- ----------                                                                                                                               
        10 CLARK                          MANAGER                    2450                                                                                                                               
        10 KING                           PRESIDENT                  5000                                                                                                                               
        20 FORD                           ANALYST                    3000                                                                                                                               
        20 JONES                          MANAGER                  3192.5                                                                                                                               
        20 SCOTT                          ANALYST                    3000                                                                                                                               
        30 ALLEN                          SALESMAN                1756.67                                                                                                                               
        30 BLAKE                          MANAGER                 3006.67                                                                                                                               

7 rows selected.

SQL> select d.id_dep,
  2  d.den_dep
  3  from departamente d
  4  where exists(select nume
  5  from angajati
  6  where id_dep=d.id_dep)
  7  order by id_dep;

    ID_DEP DEN_DEP                                                                                                                                                                                      
---------- ------------------------------                                                                                                                                                               
        10 Proiectare Software                                                                                                                                                                          
        10 ACCOUNTING                                                                                                                                                                                   
        20 RESEARCH                                                                                                                                                                                     
        20 Asigurarea calitatii                                                                                                                                                                         
        30 SALES                                                                                                                                                                                        

SQL> select id_dep,
  2  id_ang,
  3  nume,
  4  functie,
  5  id_sef
  6  from angajati a
  7  where not exists(select id_sef
  8  from angajati
  9  where id_ang = a.id_sef)
 10  order by id_dep;

    ID_DEP     ID_ANG NUME                           FUNCTIE                  ID_SEF                                                                                                                    
---------- ---------- ------------------------------ -------------------- ----------                                                                                                                    
        10       7839 KING                           PRESIDENT                                                                                                                                          

SQL> select id_dep,
  2  id_ang,
  3  nume,
  4  functie,
  5  id_sef
  6  from angajati a
  7  where id_sef not in (select distinct id_sef
  8  from angajati)
  9  order by id_dep;

no rows selected

SQL> select * from angajati;

    ID_ANG NUME                           FUNCTIE                  ID_SEF DATA_ANG     SALARIU   COMISION     ID_DEP                                                                                    
---------- ------------------------------ -------------------- ---------- --------- ---------- ---------- ----------                                                                                    
      7369 SMITH                          CLERK                      7902 17-DEC-80     1017.5                    20                                                                                    
      7499 ALLEN                          SALESMAN                   7698 20-FEB-81    1756.67        550         30                                                                                    
      7521 WARD                           SALESMAN                   7698 22-FEB-81    1406.67        550         30                                                                                    
      7566 JONES                          MANAGER                    7839 02-APR-81     3192.5                    20                                                                                    
      7654 MARTIN                         SALESMAN                   7698 28-SEP-81       1250       1400         30                                                                                    
      7698 BLAKE                          MANAGER                    7839 01-MAY-81    3006.67        550         30                                                                                    
      7782 CLARK                          MANAGER                    7839 09-JUN-81       2450                    10                                                                                    
      7788 SCOTT                          ANALYST                    7566 19-APR-87       3000                    20                                                                                    
      7839 KING                           PRESIDENT                       17-NOV-81       5000                    10                                                                                    
      7844 TURNER                         SALESMAN                   7698 08-SEP-81       1500          0         30                                                                                    
      7876 ADAMS                          CLERK                      7788 23-MAY-87       1100                    20                                                                                    
      7900 JAMES                          CLERK                      7698 03-DEC-81        950                    30                                                                                    
      7902 FORD                           ANALYST                    7566 03-DEC-81       3000                    20                                                                                    
      7934 MILLER                         CLERK                      7782 23-JAN-82       1300                    10                                                                                    

14 rows selected.

SQL> select
  2  d.den_dep "Den_dep",
  3  a.nume "Nume_ang",
  4  a.functie "Job",
  5  a.comision "Comision",
  6  count(a.id_ang) nr_ang
  7  from angajati a
  8  natural join depratamente d
  9  group by d.den_dep,
 10  a.nume,
 11  a.functie,
 12  a.comision
 13  having count(a.id_ang) = (select max(count(id_ang))
 14  from angajati
 15  where nvl(comison, 0) = 0
 16  group by id_dep,
 17  functie);
natural join depratamente d
             *
ERROR at line 8:
ORA-00942: table or view does not exist 


SQL> select
  2  d.den_dep "Den_dep",
  3  a.nume "Nume_ang",
  4  a.functie "Job",
  5  a.comision "Comision",
  6  count(a.id_ang) nr_ang
  7  from angajati a
  8  natural join departamente d
  9  group by d.den_dep,
 10  a.nume,
 11  a.functie,
 12  a.comision
 13  having count(a.id_ang) = (select max(count(id_ang))
 14  from angajati
 15  where nvl(comison, 0) = 0
 16  group by id_dep,
 17  functie);
where nvl(comison, 0) = 0
          *
ERROR at line 15:
ORA-00904: "COMISON": invalid identifier 


SQL> select
  2  d.den_dep "Den_dep",
  3  a.nume "Nume_ang",
  4  a.functie "Job",
  5  a.comision "Comision",
  6  count(a.id_ang) nr_ang
  7  from angajati a
  8  natural join departamente d
  9  group by d.den_dep,
 10  a.nume,
 11  a.functie,
 12  a.comision
 13  having count(a.id_ang) = (select max(count(id_ang))
 14  from angajati
 15  where nvl(comision, 0) = 0
 16  group by id_dep,
 17  functie);

no rows selected

SQL> select
  2  d.den_dep "Den_dep",
  3  a.nume "Nume_ang",
  4  a.functie "Job",
  5  a.comision "Comision",
  6  count(a.id_ang) nr_ang
  7  from angajati a
  8  natural join departamente d
  9  group by d.den_dep,
 10  a.nume,
 11  a.functie,
 12  a.comision
 13  having count(a.id_ang) = (select max(count(id_ang))
 14  from angajati
 15  group by id_dep,
 16  functie);

no rows selected

SQL> select max((select (count(id_ang))
  2  from angajati
  3  where id_dep = s.id_dep and
  4  functie = s.functie and
  5  nvl(comision, 0) = 0
  6  group by id_dep,
  7  functie)) max count
  8  from angajati s;
functie)) max count
              *
ERROR at line 7:
ORA-00923: FROM keyword not found where expected 


SQL> select max((select (count(id_ang))
  2  from angajati
  3  where id_dep = s.id_dep and
  4  functie = s.functie and
  5  nvl(comision, 0) = 0
  6  group by id_dep,
  7  functie)) max_count
  8  from angajati s;

 MAX_COUNT                                                                                                                                                                                              
----------                                                                                                                                                                                              
         2                                                                                                                                                                                              

SQL> select
  2  d.den_dep "Den_dep",
  3  a.nume "Nume_ang",
  4  a.functie "Job",
  5  a.comision "Comision",
  6  count(a.id_ang) nr_ang
  7  from angajati a
  8  natural join departamente d
  9  where nvl(comision, 0) = 0
 10  group by d.den_dep,
 11  a.nume,
 12  a.functie,
 13  a.comision
 14  having count(a.id_ang) = (select max(count(id_ang))
 15  from angajati
 16  group by id_dep,
 17  functie);

no rows selected

SQL> select
  2  d.den_dep "Den_dep",
  3  a.nume "Nume_ang",
  4  a.functie "Job",
  5  a.comision "Comision",
  6  count(a.id_ang) nr_ang
  7  from angajati a
  8  natural join departamente d
  9  where nvl(a.comision, 0) = 0
 10  group by d.den_dep,
 11  a.nume,
 12  a.functie,
 13  a.comision
 14  having count(a.id_ang) = (select max(count(id_ang))
 15  from angajati
 16  group by id_dep,
 17  functie);

no rows selected

SQL> select
  2  d.den_dep "Den_dep",
  3  a.nume "Nume_ang",
  4  a.functie "Job",
  5  a.comision "Comision",
  6  count(a.id_ang) nr_ang
  7  from angajati a
  8  natural join departamente d
  9  group by d.den_dep,
 10  a.functie,
 11  a.nume,
 12  a.comision
 13  having count(a.id_ang) = (select max((select (count(id_ang))
 14  from angajati
 15  where id_dep = s.ide_dep and
 16  functie = s.functie and
 17  nvl(comision, 0) = 0
 18  group by id_dep,
 19  functie)) max_count
 20  from angajati s);
where id_dep = s.ide_dep and
               *
ERROR at line 15:
ORA-00904: "S"."IDE_DEP": invalid identifier 


SQL> select
  2  d.den_dep "Den_dep",
  3  a.nume "Nume_ang",
  4  a.functie "Job",
  5  a.comision "Comision",
  6  count(a.id_ang) nr_ang
  7  from angajati a
  8  natural join departamente d
  9  group by d.den_dep,
 10  a.functie,
 11  a.nume,
 12  a.comision
 13  having count(a.id_ang) = (select max((select (count(id_ang))
 14  from angajati
 15  where id_dep = s.id_dep and
 16  functie = s.functie and
 17  nvl(comision, 0) = 0
 18  group by id_dep,
 19  functie)) max_count
 20  from angajati s);

no rows selected

SQL> select count(a.id_ang) Nr_angajati,
  2  d.id_dep,
  3  a.functie
  4  from angajati a
  5  join departamente d on a.id_dep = d.id_dep
  6  group by d.id_dep, a.functie
  7  having count(a.id_ang) = (select max(count(id_ang))
  8  from angajati
  9  where nvl(comision, 0) = 0
 10  group by id_dep, functie);

NR_ANGAJATI     ID_DEP FUNCTIE                                                                                                                                                                          
----------- ---------- --------------------                                                                                                                                                             
          2         20 MANAGER                                                                                                                                                                          
          2         10 PRESIDENT                                                                                                                                                                        
          2         10 CLERK                                                                                                                                                                            
          2         10 MANAGER                                                                                                                                                                          

SQL> update login_lab_bd set data_sf=sysdate where laborator='Lab9';

1 row updated.

SQL> update login_lab_bd set durata=round((data_sf-data_in)*24*60) where laborator='Lab8';

1 row updated.

SQL> commit;

Commit complete.

SQL> select instance_number, instance_name, to_char(startup_time, 'dd-mm-yyyy hh:mi:ss') host_name from v$instance;

INSTANCE_NUMBER INSTANCE_NAME    HOST_NAME                                                                                                                                                              
--------------- ---------------- -------------------                                                                                                                                                    
              1 db19c            22-04-2021 03:25:51                                                                                                                                                    

SQL> select nume_stud, grupa, laborator, to_char(data_in, 'dd-mm-yyyy hh:mi:ss') data_inceput, to_char(data_sf, 'dd-mm-yyyy hh:mi:ss') data_sfarsit, durata minute_lucrate from login_lab_bd;

NUME_STUD                      GRUPA      LABORATOR  DATA_INCEPUT        DATA_SFARSIT        MINUTE_LUCRATE                                                                                             
------------------------------ ---------- ---------- ------------------- ------------------- --------------                                                                                             
Pantelimon Andreea             331CC      Lab5       02-04-2021 08:05:29 02-04-2021 10:02:05            117                                                                                             
Pantelimon Andreea             331CC      Lab7       16-04-2021 08:05:24 16-04-2021 09:54:14            109                                                                                             
Pantelimon Andreea             331CC      Lab9       07-05-2021 08:09:24 07-05-2021 09:53:41            106                                                                                             
Pantelimon Andreea             331CC      Lab1       05-03-2021 09:04:29 05-03-2021 09:04:52              0                                                                                             
Pantelimon Andreea             331CC      Lab6       09-04-2021 08:08:53 09-04-2021 09:57:27            109                                                                                             
Pantelimon Andreea             331CC      Lab8       23-04-2021 08:06:01 23-04-2021 09:54:52            109                                                                                             
Pantelimon Andreea             331CC      Lab2       12-03-2021 08:22:55 12-03-2021 10:02:50            100                                                                                             
Pantelimon Andreea             331CC      Lab3       19-03-2021 08:06:57 19-03-2021 10:13:01            126                                                                                             
Pantelimon Andreea             331CC      Lab4       26-03-2021 08:06:36 26-03-2021 10:15:46            129                                                                                                                                                         

9 rows selected.

SQL> spool off;
